Component: ARM Compiler 5.06 update 7 (build 960) Tool: armlink [4d3601]

==============================================================================

Section Cross References

    startup_stm32f103xb.o(STACK) refers (Special) to heapauxi.o(.text) for __use_two_region_memory
    startup_stm32f103xb.o(HEAP) refers (Special) to heapauxi.o(.text) for __use_two_region_memory
    startup_stm32f103xb.o(RESET) refers (Special) to heapauxi.o(.text) for __use_two_region_memory
    startup_stm32f103xb.o(RESET) refers to startup_stm32f103xb.o(STACK) for __initial_sp
    startup_stm32f103xb.o(RESET) refers to startup_stm32f103xb.o(.text) for Reset_Handler
    startup_stm32f103xb.o(RESET) refers to stm32f1xx_it.o(i.NMI_Handler) for NMI_Handler
    startup_stm32f103xb.o(RESET) refers to stm32f1xx_it.o(i.HardFault_Handler) for HardFault_Handler
    startup_stm32f103xb.o(RESET) refers to stm32f1xx_it.o(i.MemManage_Handler) for MemManage_Handler
    startup_stm32f103xb.o(RESET) refers to stm32f1xx_it.o(i.BusFault_Handler) for BusFault_Handler
    startup_stm32f103xb.o(RESET) refers to stm32f1xx_it.o(i.UsageFault_Handler) for UsageFault_Handler
    startup_stm32f103xb.o(RESET) refers to stm32f1xx_it.o(i.SVC_Handler) for SVC_Handler
    startup_stm32f103xb.o(RESET) refers to stm32f1xx_it.o(i.DebugMon_Handler) for DebugMon_Handler
    startup_stm32f103xb.o(RESET) refers to stm32f1xx_it.o(i.PendSV_Handler) for PendSV_Handler
    startup_stm32f103xb.o(RESET) refers to stm32f1xx_it.o(i.SysTick_Handler) for SysTick_Handler
    startup_stm32f103xb.o(RESET) refers to stm32f1xx_it.o(i.TIM1_CC_IRQHandler) for TIM1_CC_IRQHandler
    startup_stm32f103xb.o(RESET) refers to stm32f1xx_it.o(i.TIM2_IRQHandler) for TIM2_IRQHandler
    startup_stm32f103xb.o(RESET) refers to stm32f1xx_it.o(i.TIM3_IRQHandler) for TIM3_IRQHandler
    startup_stm32f103xb.o(RESET) refers to stm32f1xx_it.o(i.I2C1_EV_IRQHandler) for I2C1_EV_IRQHandler
    startup_stm32f103xb.o(RESET) refers to stm32f1xx_it.o(i.I2C1_ER_IRQHandler) for I2C1_ER_IRQHandler
    startup_stm32f103xb.o(.text) refers (Special) to heapauxi.o(.text) for __use_two_region_memory
    startup_stm32f103xb.o(.text) refers to system_stm32f1xx.o(i.SystemInit) for SystemInit
    startup_stm32f103xb.o(.text) refers to __main.o(!!!main) for __main
    startup_stm32f103xb.o(.text) refers to startup_stm32f103xb.o(HEAP) for Heap_Mem
    startup_stm32f103xb.o(.text) refers to startup_stm32f103xb.o(STACK) for Stack_Mem
    main.o(i.SystemClock_Config) refers to rt_memclr_w.o(.text) for __aeabi_memclr4
    main.o(i.SystemClock_Config) refers to stm32f1xx_hal_rcc.o(i.HAL_RCC_OscConfig) for HAL_RCC_OscConfig
    main.o(i.SystemClock_Config) refers to stm32f1xx_hal_rcc.o(i.HAL_RCC_ClockConfig) for HAL_RCC_ClockConfig
    main.o(i.main) refers to _printf_percent.o(.ARM.Collect$$_printf_percent$$00000000) for _printf_percent
    main.o(i.main) refers to _printf_d.o(.ARM.Collect$$_printf_percent$$00000009) for _printf_d
    main.o(i.main) refers to _printf_f.o(.ARM.Collect$$_printf_percent$$00000003) for _printf_f
    main.o(i.main) refers to _printf_dec.o(.text) for _printf_int_dec
    main.o(i.main) refers to printf1.o(x$fpl$printf1) for _printf_fp_dec
    main.o(i.main) refers to stm32f1xx_hal.o(i.HAL_Init) for HAL_Init
    main.o(i.main) refers to main.o(i.SystemClock_Config) for SystemClock_Config
    main.o(i.main) refers to gpio.o(i.MX_GPIO_Init) for MX_GPIO_Init
    main.o(i.main) refers to tim.o(i.MX_TIM1_Init) for MX_TIM1_Init
    main.o(i.main) refers to tim.o(i.MX_TIM2_Init) for MX_TIM2_Init
    main.o(i.main) refers to tim.o(i.MX_TIM3_Init) for MX_TIM3_Init
    main.o(i.main) refers to i2c.o(i.MX_I2C1_Init) for MX_I2C1_Init
    main.o(i.main) refers to olde.o(i.OLED_Init) for OLED_Init
    main.o(i.main) refers to stm32f1xx_hal_tim.o(i.HAL_TIM_Base_Start) for HAL_TIM_Base_Start
    main.o(i.main) refers to stm32f1xx_hal_tim.o(i.HAL_TIM_IC_Start_IT) for HAL_TIM_IC_Start_IT
    main.o(i.main) refers to stm32f1xx_hal_gpio.o(i.HAL_GPIO_WritePin) for HAL_GPIO_WritePin
    main.o(i.main) refers to stm32f1xx_hal.o(i.HAL_Delay) for HAL_Delay
    main.o(i.main) refers to olde.o(i.OLED_NewFrame) for OLED_NewFrame
    main.o(i.main) refers to f2d.o(x$fpl$f2d) for __aeabi_f2d
    main.o(i.main) refers to noretval__2sprintf.o(.text) for __2sprintf
    main.o(i.main) refers to olde.o(i.OLED_PrintASCIIString) for OLED_PrintASCIIString
    main.o(i.main) refers to olde.o(i.OLED_ShowFrame) for OLED_ShowFrame
    main.o(i.main) refers to tim.o(.bss) for htim2
    main.o(i.main) refers to hc_sr04.o(.data) for distance
    main.o(i.main) refers to font.o(.constdata) for afont12x6
    gpio.o(i.MX_GPIO_Init) refers to stm32f1xx_hal_gpio.o(i.HAL_GPIO_WritePin) for HAL_GPIO_WritePin
    gpio.o(i.MX_GPIO_Init) refers to stm32f1xx_hal_gpio.o(i.HAL_GPIO_Init) for HAL_GPIO_Init
    i2c.o(i.HAL_I2C_MspDeInit) refers to stm32f1xx_hal_gpio.o(i.HAL_GPIO_DeInit) for HAL_GPIO_DeInit
[...]
    .ARM.Collect$$rtentry$$0000000D          0x08000192   Section        8  __rtentry2.o(.ARM.Collect$$rtentry$$0000000D)
    .ARM.Collect$$rtexit$$00000000           0x0800019a   Section        2  rtexit.o(.ARM.Collect$$rtexit$$00000000)
    .ARM.Collect$$rtexit$$00000002           0x0800019c   Section        0  rtexit2.o(.ARM.Collect$$rtexit$$00000002)
    .ARM.Collect$$rtexit$$00000003           0x0800019c   Section        4  rtexit2.o(.ARM.Collect$$rtexit$$00000003)
    .ARM.Collect$$rtexit$$00000004           0x080001a0   Section        6  rtexit2.o(.ARM.Collect$$rtexit$$00000004)
    .text                                    0x080001a8   Section       64  startup_stm32f103xb.o(.text)
    .text                                    0x080001e8   Section        0  noretval__2sprintf.o(.text)
    .text                                    0x08000210   Section        0  _printf_dec.o(.text)
    .text                                    0x08000288   Section        0  __printf_wp.o(.text)
    .text                                    0x08000396   Section      138  rt_memcpy_v6.o(.text)
    .text                                    0x08000420   Section       68  rt_memclr.o(.text)
    .text                                    0x08000464   Section       78  rt_memclr_w.o(.text)
    .text                                    0x080004b2   Section        0  heapauxi.o(.text)
    .text                                    0x080004b8   Section        0  _printf_intcommon.o(.text)
    .text                                    0x0800056a   Section        0  _printf_fp_dec.o(.text)
    _fp_digits                               0x0800056d   Thumb Code   432  _printf_fp_dec.o(.text)
    .text                                    0x08000988   Section        0  _printf_char_common.o(.text)
    _printf_input_char                       0x08000989   Thumb Code    10  _printf_char_common.o(.text)
    .text                                    0x080009b8   Section        0  _sputc.o(.text)
    .text                                    0x080009c2   Section      100  rt_memcpy_w.o(.text)
    .text                                    0x08000a28   Section        8  rt_locale_intlibspace.o(.text)
    .text                                    0x08000a30   Section      138  lludiv10.o(.text)
    .text                                    0x08000abc   Section        0  _printf_fp_infnan.o(.text)
    .text                                    0x08000b3c   Section        0  bigflt0.o(.text)
    .text                                    0x08000c20   Section        8  libspace.o(.text)
    .text                                    0x08000c28   Section       74  sys_stackheap_outer.o(.text)
    .text                                    0x08000c72   Section        0  exit.o(.text)
    .text                                    0x08000c84   Section      128  strcmpv7m.o(.text)
    .text                                    0x08000d04   Section        0  sys_exit.o(.text)
    .text                                    0x08000d10   Section        2  use_no_semi.o(.text)
    .text                                    0x08000d12   Section        0  indicate_semi.o(.text)
    CL$$btod_d2e                             0x08000d12   Section       62  btod.o(CL$$btod_d2e)
    CL$$btod_d2e_denorm_low                  0x08000d50   Section       70  btod.o(CL$$btod_d2e_denorm_low)
    CL$$btod_d2e_norm_op1                    0x08000d96   Section       96  btod.o(CL$$btod_d2e_norm_op1)
    CL$$btod_div_common                      0x08000df6   Section      824  btod.o(CL$$btod_div_common)
    CL$$btod_e2e                             0x0800112e   Section      220  btod.o(CL$$btod_e2e)
    CL$$btod_ediv                            0x0800120a   Section       42  btod.o(CL$$btod_ediv)
    CL$$btod_emul                            0x08001234   Section       42  btod.o(CL$$btod_emul)
    CL$$btod_mult_common                     0x0800125e   Section      580  btod.o(CL$$btod_mult_common)
    i.BusFault_Handler                       0x080014a2   Section        0  stm32f1xx_it.o(i.BusFault_Handler)
    i.DebugMon_Handler                       0x080014a4   Section        0  stm32f1xx_it.o(i.DebugMon_Handler)
    i.Error_Handler                          0x080014a6   Section        0  main.o(i.Error_Handler)
    i.HAL_DMA_Abort_IT                       0x080014ac   Section        0  stm32f1xx_hal_dma.o(i.HAL_DMA_Abort_IT)
    i.HAL_DMA_GetState                       0x08001544   Section        0  stm32f1xx_hal_dma.o(i.HAL_DMA_GetState)
    i.HAL_Delay                              0x0800154c   Section        0  stm32f1xx_hal.o(i.HAL_Delay)
    i.HAL_GPIO_Init                          0x08001570   Section        0  stm32f1xx_hal_gpio.o(i.HAL_GPIO_Init)
    i.HAL_GPIO_ReadPin                       0x08001750   Section        0  stm32f1xx_hal_gpio.o(i.HAL_GPIO_ReadPin)
    i.HAL_GPIO_WritePin                      0x0800175a   Section        0  stm32f1xx_hal_gpio.o(i.HAL_GPIO_WritePin)
    i.HAL_GetTick                            0x08001764   Section        0  stm32f1xx_hal.o(i.HAL_GetTick)
    i.HAL_I2C_AbortCpltCallback              0x08001770   Section        0  stm32f1xx_hal_i2c.o(i.HAL_I2C_AbortCpltCallback)
    i.HAL_I2C_AddrCallback                   0x08001772   Section        0  stm32f1xx_hal_i2c.o(i.HAL_I2C_AddrCallback)
    i.HAL_I2C_ER_IRQHandler                  0x08001774   Section        0  stm32f1xx_hal_i2c.o(i.HAL_I2C_ER_IRQHandler)
    i.HAL_I2C_EV_IRQHandler                  0x08001838   Section        0  stm32f1xx_hal_i2c.o(i.HAL_I2C_EV_IRQHandler)
    i.HAL_I2C_ErrorCallback                  0x08001a68   Section        0  stm32f1xx_hal_i2c.o(i.HAL_I2C_ErrorCallback)
    i.HAL_I2C_Init                           0x08001a6c   Section        0  stm32f1xx_hal_i2c.o(i.HAL_I2C_Init)
    i.HAL_I2C_ListenCpltCallback             0x08001bf4   Section        0  stm32f1xx_hal_i2c.o(i.HAL_I2C_ListenCpltCallback)
    i.HAL_I2C_MasterRxCpltCallback           0x08001bf6   Section        0  stm32f1xx_hal_i2c.o(i.HAL_I2C_MasterRxCpltCallback)
    i.HAL_I2C_MasterTxCpltCallback           0x08001bf8   Section        0  stm32f1xx_hal_i2c.o(i.HAL_I2C_MasterTxCpltCallback)
    i.HAL_I2C_Master_Transmit                0x08001bfc   Section        0  stm32f1xx_hal_i2c.o(i.HAL_I2C_Master_Transmit)
    i.HAL_I2C_MemRxCpltCallback              0x08001d28   Section        0  stm32f1xx_hal_i2c.o(i.HAL_I2C_MemRxCpltCallback)
    i.HAL_I2C_MemTxCpltCallback              0x08001d2a   Section        0  stm32f1xx_hal_i2c.o(i.HAL_I2C_MemTxCpltCallback)
    i.HAL_I2C_MspInit                        0x08001d2c   Section        0  i2c.o(i.HAL_I2C_MspInit)
    i.HAL_I2C_SlaveRxCpltCallback            0x08001da8   Section        0  stm32f1xx_hal_i2c.o(i.HAL_I2C_SlaveRxCpltCallback)
    i.HAL_I2C_SlaveTxCpltCallback            0x08001daa   Section        0  stm32f1xx_hal_i2c.o(i.HAL_I2C_SlaveTxCpltCallback)
    i.HAL_IncTick                            0x08001dac   Section        0  stm32f1xx_hal.o(i.HAL_IncTick)
    i.HAL_Init                               0x08001dbc   Section        0  stm32f1xx_hal.o(i.HAL_Init)
    i.HAL_InitTick                           0x08001de0   Section        0  stm32f1xx_hal.o(i.HAL_InitTick)
    i.HAL_MspInit                            0x08001e20   Section        0  stm32f1xx_hal_msp.o(i.HAL_MspInit)
    i.HAL_NVIC_EnableIRQ                     0x08001e4c   Section        0  stm32f1xx_hal_cortex.o(i.HAL_NVIC_EnableIRQ)
    i.HAL_NVIC_SetPriority                   0x08001e68   Section        0  stm32f1xx_hal_cortex.o(i.HAL_NVIC_SetPriority)
    i.HAL_NVIC_SetPriorityGrouping           0x08001ea8   Section        0  stm32f1xx_hal_cortex.o(i.HAL_NVIC_SetPriorityGrouping)
    i.HAL_RCC_ClockConfig                    0x08001ecc   Section        0  stm32f1xx_hal_rcc.o(i.HAL_RCC_ClockConfig)
    i.HAL_RCC_GetPCLK1Freq                   0x08001ff8   Section        0  stm32f1xx_hal_rcc.o(i.HAL_RCC_GetPCLK1Freq)
    i.HAL_RCC_GetSysClockFreq                0x08002018   Section        0  stm32f1xx_hal_rcc.o(i.HAL_RCC_GetSysClockFreq)
    i.HAL_RCC_OscConfig                      0x08002064   Section        0  stm32f1xx_hal_rcc.o(i.HAL_RCC_OscConfig)
    i.HAL_SYSTICK_Config                     0x08002384   Section        0  stm32f1xx_hal_cortex.o(i.HAL_SYSTICK_Config)
    i.HAL_TIMEx_BreakCallback                0x080023ac   Section        0  stm32f1xx_hal_tim_ex.o(i.HAL_TIMEx_BreakCallback)
    i.HAL_TIMEx_CommutCallback               0x080023ae   Section        0  stm32f1xx_hal_tim_ex.o(i.HAL_TIMEx_CommutCallback)
    i.HAL_TIMEx_MasterConfigSynchronization  0x080023b0   Section        0  stm32f1xx_hal_tim_ex.o(i.HAL_TIMEx_MasterConfigSynchronization)
    i.HAL_TIM_Base_Init                      0x08002418   Section        0  stm32f1xx_hal_tim.o(i.HAL_TIM_Base_Init)
    i.HAL_TIM_Base_MspInit                   0x08002474   Section        0  tim.o(i.HAL_TIM_Base_MspInit)
    i.HAL_TIM_Base_Start                     0x08002540   Section        0  stm32f1xx_hal_tim.o(i.HAL_TIM_Base_Start)
    i.HAL_TIM_ConfigClockSource              0x08002590   Section        0  stm32f1xx_hal_tim.o(i.HAL_TIM_ConfigClockSource)
    i.HAL_TIM_IC_CaptureCallback             0x0800266c   Section        0  hc_sr04.o(i.HAL_TIM_IC_CaptureCallback)
    i.HAL_TIM_IC_ConfigChannel               0x080026c0   Section        0  stm32f1xx_hal_tim.o(i.HAL_TIM_IC_ConfigChannel)
    i.HAL_TIM_IC_Init                        0x080027e4   Section        0  stm32f1xx_hal_tim.o(i.HAL_TIM_IC_Init)
    i.HAL_TIM_IC_MspInit                     0x0800283e   Section        0  stm32f1xx_hal_tim.o(i.HAL_TIM_IC_MspInit)
    i.HAL_TIM_IC_Start_IT                    0x08002840   Section        0  stm32f1xx_hal_tim.o(i.HAL_TIM_IC_Start_IT)
    i.HAL_TIM_IRQHandler                     0x08002924   Section        0  stm32f1xx_hal_tim.o(i.HAL_TIM_IRQHandler)
    i.HAL_TIM_OC_DelayElapsedCallback        0x08002a8a   Section        0  stm32f1xx_hal_tim.o(i.HAL_TIM_OC_DelayElapsedCallback)
    i.HAL_TIM_PWM_PulseFinishedCallback      0x08002a8c   Section        0  stm32f1xx_hal_tim.o(i.HAL_TIM_PWM_PulseFinishedCallback)
    i.HAL_TIM_PeriodElapsedCallback          0x08002a90   Section        0  key.o(i.HAL_TIM_PeriodElapsedCallback)
    i.HAL_TIM_ReadCapturedValue              0x08002b54   Section        0  stm32f1xx_hal_tim.o(i.HAL_TIM_ReadCapturedValue)
    i.HAL_TIM_TriggerCallback                0x08002b7e   Section        0  stm32f1xx_hal_tim.o(i.HAL_TIM_TriggerCallback)
    i.HardFault_Handler                      0x08002b80   Section        0  stm32f1xx_it.o(i.HardFault_Handler)
    i.I2C1_ER_IRQHandler                     0x08002b84   Section        0  stm32f1xx_it.o(i.I2C1_ER_IRQHandler)
    i.I2C1_EV_IRQHandler                     0x08002b90   Section        0  stm32f1xx_it.o(i.I2C1_EV_IRQHandler)
    i.I2C_DMAAbort                           0x08002b9c   Section        0  stm32f1xx_hal_i2c.o(i.I2C_DMAAbort)
    I2C_DMAAbort                             0x08002b9d   Thumb Code   182  stm32f1xx_hal_i2c.o(i.I2C_DMAAbort)
    i.I2C_Flush_DR                           0x08002c58   Section        0  stm32f1xx_hal_i2c.o(i.I2C_Flush_DR)
    I2C_Flush_DR                             0x08002c59   Thumb Code    16  stm32f1xx_hal_i2c.o(i.I2C_Flush_DR)
    i.I2C_ITError                            0x08002c68   Section        0  stm32f1xx_hal_i2c.o(i.I2C_ITError)
    I2C_ITError                              0x08002c69   Thumb Code   336  stm32f1xx_hal_i2c.o(i.I2C_ITError)
    i.I2C_IsAcknowledgeFailed                0x08002dc0   Section        0  stm32f1xx_hal_i2c.o(i.I2C_IsAcknowledgeFailed)
    I2C_IsAcknowledgeFailed                  0x08002dc1   Thumb Code    46  stm32f1xx_hal_i2c.o(i.I2C_IsAcknowledgeFailed)
    i.I2C_MasterReceive_BTF                  0x08002dee   Section        0  stm32f1xx_hal_i2c.o(i.I2C_MasterReceive_BTF)
    I2C_MasterReceive_BTF                    0x08002def   Thumb Code   210  stm32f1xx_hal_i2c.o(i.I2C_MasterReceive_BTF)
    i.I2C_MasterReceive_RXNE                 0x08002ec0   Section        0  stm32f1xx_hal_i2c.o(i.I2C_MasterReceive_RXNE)
    I2C_MasterReceive_RXNE                   0x08002ec1   Thumb Code   228  stm32f1xx_hal_i2c.o(i.I2C_MasterReceive_RXNE)
    i.I2C_MasterRequestWrite                 0x08002fa8   Section        0  stm32f1xx_hal_i2c.o(i.I2C_MasterRequestWrite)
    I2C_MasterRequestWrite                   0x08002fa9   Thumb Code   150  stm32f1xx_hal_i2c.o(i.I2C_MasterRequestWrite)
    i.I2C_MasterTransmit_BTF                 0x08003044   Section        0  stm32f1xx_hal_i2c.o(i.I2C_MasterTransmit_BTF)
    I2C_MasterTransmit_BTF                   0x08003045   Thumb Code   130  stm32f1xx_hal_i2c.o(i.I2C_MasterTransmit_BTF)
    i.I2C_MasterTransmit_TXE                 0x080030c8   Section        0  stm32f1xx_hal_i2c.o(i.I2C_MasterTransmit_TXE)
    I2C_MasterTransmit_TXE                   0x080030c9   Thumb Code   182  stm32f1xx_hal_i2c.o(i.I2C_MasterTransmit_TXE)
    i.I2C_Master_ADDR                        0x08003180   Section        0  stm32f1xx_hal_i2c.o(i.I2C_Master_ADDR)
    I2C_Master_ADDR                          0x08003181   Thumb Code   340  stm32f1xx_hal_i2c.o(i.I2C_Master_ADDR)
    i.I2C_Master_SB                          0x080032d8   Section        0  stm32f1xx_hal_i2c.o(i.I2C_Master_SB)
    I2C_Master_SB                            0x080032d9   Thumb Code   140  stm32f1xx_hal_i2c.o(i.I2C_Master_SB)
    i.I2C_MemoryTransmit_TXE_BTF             0x08003364   Section        0  stm32f1xx_hal_i2c.o(i.I2C_MemoryTransmit_TXE_BTF)
    I2C_MemoryTransmit_TXE_BTF               0x08003365   Thumb Code   168  stm32f1xx_hal_i2c.o(i.I2C_MemoryTransmit_TXE_BTF)
    i.I2C_Slave_ADDR                         0x0800340c   Section        0  stm32f1xx_hal_i2c.o(i.I2C_Slave_ADDR)
    I2C_Slave_ADDR                           0x0800340d   Thumb Code    70  stm32f1xx_hal_i2c.o(i.I2C_Slave_ADDR)
    i.I2C_Slave_AF                           0x08003454   Section        0  stm32f1xx_hal_i2c.o(i.I2C_Slave_AF)
    I2C_Slave_AF                             0x08003455   Thumb Code   138  stm32f1xx_hal_i2c.o(i.I2C_Slave_AF)
    i.I2C_Slave_STOPF                        0x080034e4   Section        0  stm32f1xx_hal_i2c.o(i.I2C_Slave_STOPF)
    I2C_Slave_STOPF                          0x080034e5   Thumb Code   338  stm32f1xx_hal_i2c.o(i.I2C_Slave_STOPF)
    i.I2C_WaitOnBTFFlagUntilTimeout          0x08003640   Section        0  stm32f1xx_hal_i2c.o(i.I2C_WaitOnBTFFlagUntilTimeout)
    I2C_WaitOnBTFFlagUntilTimeout            0x08003641   Thumb Code    86  stm32f1xx_hal_i2c.o(i.I2C_WaitOnBTFFlagUntilTimeout)
    i.I2C_WaitOnFlagUntilTimeout             0x08003698   Section        0  stm32f1xx_hal_i2c.o(i.I2C_WaitOnFlagUntilTimeout)
    I2C_WaitOnFlagUntilTimeout               0x08003699   Thumb Code   144  stm32f1xx_hal_i2c.o(i.I2C_WaitOnFlagUntilTimeout)
    i.I2C_WaitOnMasterAddressFlagUntilTimeout 0x08003728   Section        0  stm32f1xx_hal_i2c.o(i.I2C_WaitOnMasterAddressFlagUntilTimeout)
    I2C_WaitOnMasterAddressFlagUntilTimeout  0x08003729   Thumb Code   188  stm32f1xx_hal_i2c.o(i.I2C_WaitOnMasterAddressFlagUntilTimeout)
    i.I2C_WaitOnTXEFlagUntilTimeout          0x080037e4   Section        0  stm32f1xx_hal_i2c.o(i.I2C_WaitOnTXEFlagUntilTimeout)
    I2C_WaitOnTXEFlagUntilTimeout            0x080037e5   Thumb Code    86  stm32f1xx_hal_i2c.o(i.I2C_WaitOnTXEFlagUntilTimeout)
    i.MX_GPIO_Init                           0x0800383c   Section        0  gpio.o(i.MX_GPIO_Init)
    i.MX_I2C1_Init                           0x080038c0   Section        0  i2c.o(i.MX_I2C1_Init)
    i.MX_TIM1_Init                           0x08003900   Section        0  tim.o(i.MX_TIM1_Init)
    i.MX_TIM2_Init                           0x08003968   Section        0  tim.o(i.MX_TIM2_Init)
    i.MX_TIM3_Init                           0x08003a10   Section        0  tim.o(i.MX_TIM3_Init)
    i.MemManage_Handler                      0x08003abc   Section        0  stm32f1xx_it.o(i.MemManage_Handler)
    i.NMI_Handler                            0x08003abe   Section        0  stm32f1xx_it.o(i.NMI_Handler)
    i.OLED_Init                              0x08003ac0   Section        0  olde.o(i.OLED_Init)
    i.OLED_NewFrame                          0x08003b78   Section        0  olde.o(i.OLED_NewFrame)
    i.OLED_PrintASCIIChar                    0x08003b88   Section        0  olde.o(i.OLED_PrintASCIIChar)
    i.OLED_PrintASCIIString                  0x08003ba8   Section        0  olde.o(i.OLED_PrintASCIIString)
    i.OLED_Send                              0x08003bd8   Section        0  olde.o(i.OLED_Send)
    i.OLED_SendCmd                           0x08003bf4   Section        0  olde.o(i.OLED_SendCmd)
    i.OLED_SetBits                           0x08003c04   Section        0  olde.o(i.OLED_SetBits)
    i.OLED_SetBits_Fine                      0x08003c4c   Section        0  olde.o(i.OLED_SetBits_Fine)
    i.OLED_SetBlock                          0x08003cb4   Section        0  olde.o(i.OLED_SetBlock)
    i.OLED_SetByte_Fine                      0x08003d3c   Section        0  olde.o(i.OLED_SetByte_Fine)
    i.OLED_ShowFrame                         0x08003d84   Section        0  olde.o(i.OLED_ShowFrame)
    i.PendSV_Handler                         0x08003dcc   Section        0  stm32f1xx_it.o(i.PendSV_Handler)
    i.SVC_Handler                            0x08003dce   Section        0  stm32f1xx_it.o(i.SVC_Handler)
    i.SysTick_Handler                        0x08003dd0   Section        0  stm32f1xx_it.o(i.SysTick_Handler)
    i.SystemClock_Config                     0x08003dd4   Section        0  main.o(i.SystemClock_Config)
    i.SystemInit                             0x08003e32   Section        0  system_stm32f1xx.o(i.SystemInit)
    i.TIM1_CC_IRQHandler                     0x08003e34   Section        0  stm32f1xx_it.o(i.TIM1_CC_IRQHandler)
    i.TIM2_IRQHandler                        0x08003e40   Section        0  stm32f1xx_it.o(i.TIM2_IRQHandler)
    i.TIM3_IRQHandler                        0x08003e4c   Section        0  stm32f1xx_it.o(i.TIM3_IRQHandler)
    i.TIM_Base_SetConfig                     0x08003e58   Section        0  stm32f1xx_hal_tim.o(i.TIM_Base_SetConfig)
    i.TIM_CCxChannelCmd                      0x08003ec4   Section        0  stm32f1xx_hal_tim.o(i.TIM_CCxChannelCmd)
    i.TIM_ETR_SetConfig                      0x08003ede   Section        0  stm32f1xx_hal_tim.o(i.TIM_ETR_SetConfig)
    i.TIM_ITRx_SetConfig                     0x08003ef2   Section        0  stm32f1xx_hal_tim.o(i.TIM_ITRx_SetConfig)
    TIM_ITRx_SetConfig                       0x08003ef3   Thumb Code    16  stm32f1xx_hal_tim.o(i.TIM_ITRx_SetConfig)
    i.TIM_TI1_ConfigInputStage               0x08003f02   Section        0  stm32f1xx_hal_tim.o(i.TIM_TI1_ConfigInputStage)
    TIM_TI1_ConfigInputStage                 0x08003f03   Thumb Code    34  stm32f1xx_hal_tim.o(i.TIM_TI1_ConfigInputStage)
    i.TIM_TI1_SetConfig                      0x08003f24   Section        0  stm32f1xx_hal_tim.o(i.TIM_TI1_SetConfig)
    i.TIM_TI2_ConfigInputStage               0x08003f7c   Section        0  stm32f1xx_hal_tim.o(i.TIM_TI2_ConfigInputStage)
    TIM_TI2_ConfigInputStage                 0x08003f7d   Thumb Code    36  stm32f1xx_hal_tim.o(i.TIM_TI2_ConfigInputStage)
    i.TIM_TI2_SetConfig                      0x08003fa0   Section        0  stm32f1xx_hal_tim.o(i.TIM_TI2_SetConfig)
    TIM_TI2_SetConfig                        0x08003fa1   Thumb Code    54  stm32f1xx_hal_tim.o(i.TIM_TI2_SetConfig)
    i.UsageFault_Handler                     0x08003fd6   Section        0  stm32f1xx_it.o(i.UsageFault_Handler)
    i.__ARM_fpclassify                       0x08003fd8   Section        0  fpclassify.o(i.__ARM_fpclassify)
    i.__NVIC_SetPriority                     0x08004000   Section        0  stm32f1xx_hal_cortex.o(i.__NVIC_SetPriority)
    __NVIC_SetPriority                       0x08004001   Thumb Code    32  stm32f1xx_hal_cortex.o(i.__NVIC_SetPriority)
    i._is_digit                              0x08004020   Section        0  __printf_wp.o(i._is_digit)
    i.main                                   0x08004030   Section        0  main.o(i.main)
    locale$$code                             0x0800410c   Section       44  lc_numeric_c.o(locale$$code)
    x$fpl$d2f                                0x08004138   Section       98  d2f.o(x$fpl$d2f)
    x$fpl$dcheck1                            0x0800419c   Section       16  dcheck1.o(x$fpl$dcheck1)
    x$fpl$dflt                               0x080041ac   Section       46  dflt_clz.o(x$fpl$dflt)
    x$fpl$dmul                               0x080041dc   Section      340  dmul.o(x$fpl$dmul)
    x$fpl$dnaninf                            0x08004330   Section      156  dnaninf.o(x$fpl$dnaninf)
    x$fpl$dretinf                            0x080043cc   Section       12  dretinf.o(x$fpl$dretinf)
    x$fpl$f2d                                0x080043d8   Section       86  f2d.o(x$fpl$f2d)
    x$fpl$fnaninf                            0x0800442e   Section      140  fnaninf.o(x$fpl$fnaninf)
    x$fpl$fretinf                            0x080044ba   Section       10  fretinf.o(x$fpl$fretinf)
    x$fpl$printf1                            0x080044c4   Section        4  printf1.o(x$fpl$printf1)
    x$fpl$retnan                             0x080044c8   Section      100  retnan.o(x$fpl$retnan)
    x$fpl$scalbn                             0x0800452c   Section       92  scalbn.o(x$fpl$scalbn)
    x$fpl$trapveneer                         0x08004588   Section       48  trapv.o(x$fpl$trapveneer)
    .constdata                               0x080045b8   Section       18  stm32f1xx_hal_rcc.o(.constdata)
    x$fpl$usenofp                            0x080045b8   Section        0  usenofp.o(x$fpl$usenofp)
    aPredivFactorTable                       0x080045b8   Data           2  stm32f1xx_hal_rcc.o(.constdata)
    aPLLMULFactorTable                       0x080045ba   Data          16  stm32f1xx_hal_rcc.o(.constdata)
    .constdata                               0x080045ca   Section       16  system_stm32f1xx.o(.constdata)
    .constdata                               0x080045da   Section        8  system_stm32f1xx.o(.constdata)
    .constdata                               0x080045e2   Section     1140  font.o(.constdata)
    .constdata                               0x08004a58   Section        8  font.o(.constdata)
    .constdata                               0x08004a60   Section      148  bigflt0.o(.constdata)
    tenpwrs_x                                0x08004a60   Data          60  bigflt0.o(.constdata)
    tenpwrs_i                                0x08004a9c   Data          64  bigflt0.o(.constdata)
    locale$$data                             0x08004b14   Section       28  lc_numeric_c.o(locale$$data)
    __lcnum_c_name                           0x08004b18   Data           2  lc_numeric_c.o(locale$$data)
    __lcnum_c_start                          0x08004b20   Data           0  lc_numeric_c.o(locale$$data)
    __lcnum_c_point                          0x08004b2c   Data           0  lc_numeric_c.o(locale$$data)
    __lcnum_c_thousands                      0x08004b2e   Data           0  lc_numeric_c.o(locale$$data)
    __lcnum_c_grouping                       0x08004b2f   Data           0  lc_numeric_c.o(locale$$data)
    __lcnum_c_end                            0x08004b30   Data           0  lc_numeric_c.o(locale$$data)
    .data                                    0x20000000   Section       12  stm32f1xx_hal.o(.data)
    .data                                    0x2000000c   Section        4  system_stm32f1xx.o(.data)
    .data                                    0x20000010   Section        4  olde.o(.data)
    temp                                     0x20000010   Data           1  olde.o(.data)
    temp                                     0x20000011   Data           1  olde.o(.data)
    sendBuffer                               0x20000012   Data           2  olde.o(.data)
    .data                                    0x20000014   Section       12  hc_sr04.o(.data)
    .bss                                     0x20000020   Section       84  i2c.o(.bss)
    .bss                                     0x20000074   Section      216  tim.o(.bss)
    .bss                                     0x2000014c   Section       32  key.o(.bss)
    .bss                                     0x2000016c   Section     1153  olde.o(.bss)
    sendBuffer                               0x2000016c   Data         129  olde.o(.bss)
    .bss                                     0x200005f0   Section       96  libspace.o(.bss)
    HEAP                                     0x20000650   Section      512  startup_stm32f103xb.o(HEAP)
    Heap_Mem                                 0x20000650   Data         512  startup_stm32f103xb.o(HEAP)
    STACK                                    0x20000850   Section     1024  startup_stm32f103xb.o(STACK)
    Stack_Mem                                0x20000850   Data        1024  startup_stm32f103xb.o(STACK)
    __initial_sp                             0x20000c50   Data           0  startup_stm32f103xb.o(STACK)

    Global Symbols

    Symbol Name                              Value     Ov Type        Size  Object(Section)

    BuildAttributes$$THM_ISAv4$P$D$K$B$S$PE$A:L22UL41UL21$X:L11$S22US41US21$IEEE1$IW$USESV6$~STKCKD$USESV7$~SHL$OTIME$ROPI$IEEEJ$EBA8$UX$STANDARDLIB$REQ8$PRES8$EABIv2 0x00000000   Number         0  anon$$obj.o ABSOLUTE
    __ARM_use_no_argv                        0x00000000   Number         0  main.o ABSOLUTE
    _printf_flags                            0x00000000   Number         0  printf_stubs.o ABSOLUTE
    _printf_return_value                     0x00000000   Number         0  printf_stubs.o ABSOLUTE
    _printf_sizespec                         0x00000000   Number         0  printf_stubs.o ABSOLUTE
    _printf_widthprec                        0x00000000   Number         0  printf_stubs.o ABSOLUTE
    __ARM_exceptions_init                     - Undefined Weak Reference
    __alloca_initialize                       - Undefined Weak Reference
    __arm_fini_                               - Undefined Weak Reference
    __arm_preinit_                            - Undefined Weak Reference
    __cpp_initialize__aeabi_                  - Undefined Weak Reference
    __cxa_finalize                            - Undefined Weak Reference
    __sigvec_lookup                           - Undefined Weak Reference
    _atexit_init                              - Undefined Weak Reference
    _call_atexit_fns                          - Undefined Weak Reference
    _clock_init                               - Undefined Weak Reference
    _fp_trap_init                             - Undefined Weak Reference
    _fp_trap_shutdown                         - Undefined Weak Reference
    _get_lc_collate                           - Undefined Weak Reference
    _get_lc_ctype                             - Undefined Weak Reference
    _get_lc_monetary                          - Undefined Weak Reference
    _get_lc_time                              - Undefined Weak Reference
    _getenv_init                              - Undefined Weak Reference
    _handle_redirection                       - Undefined Weak Reference
    _init_alloc                               - Undefined Weak Reference
    _init_user_alloc                          - Undefined Weak Reference
    _initio                                   - Undefined Weak Reference
    _printf_post_padding                      - Undefined Weak Reference
    _printf_pre_padding                       - Undefined Weak Reference
    _printf_truncate_signed                   - Undefined Weak Reference
    _printf_truncate_unsigned                 - Undefined Weak Reference
    _rand_init                                - Undefined Weak Reference
    _signal_finish                            - Undefined Weak Reference
    _signal_init                              - Undefined Weak Reference
    _terminate_alloc                          - Undefined Weak Reference
    _terminate_user_alloc                     - Undefined Weak Reference
    _terminateio                              - Undefined Weak Reference
    __Vectors_Size                           0x000000ec   Number         0  startup_stm32f103xb.o ABSOLUTE
    __Vectors                                0x08000000   Data           4  startup_stm32f103xb.o(RESET)
    __Vectors_End                            0x080000ec   Data           0  startup_stm32f103xb.o(RESET)
    __main                                   0x080000ed   Thumb Code     8  __main.o(!!!main)
    __scatterload                            0x080000f5   Thumb Code     0  __scatter.o(!!!scatter)
    __scatterload_rt2                        0x080000f5   Thumb Code    44  __scatter.o(!!!scatter)
    __scatterload_rt2_thumb_only             0x080000f5   Thumb Code     0  __scatter.o(!!!scatter)
    __scatterload_null                       0x08000103   Thumb Code     0  __scatter.o(!!!scatter)
    __scatterload_copy                       0x08000129   Thumb Code    26  __scatter_copy.o(!!handler_copy)
    __scatterload_zeroinit                   0x08000145   Thumb Code    28  __scatter_zi.o(!!handler_zi)
    _printf_f                                0x08000161   Thumb Code     0  _printf_f.o(.ARM.Collect$$_printf_percent$$00000003)
    _printf_percent                          0x08000161   Thumb Code     0  _printf_percent.o(.ARM.Collect$$_printf_percent$$00000000)
    _printf_d                                0x08000167   Thumb Code     0  _printf_d.o(.ARM.Collect$$_printf_percent$$00000009)
    _printf_percent_end                      0x0800016d   Thumb Code     0  _printf_percent_end.o(.ARM.Collect$$_printf_percent$$00000017)
    __rt_lib_init                            0x08000171   Thumb Code     0  libinit.o(.ARM.Collect$$libinit$$00000000)
    __rt_lib_init_fp_1                       0x08000173   Thumb Code     0  libinit2.o(.ARM.Collect$$libinit$$00000002)
    __rt_lib_init_heap_1                     0x08000173   Thumb Code     0  libinit2.o(.ARM.Collect$$libinit$$0000000A)
    __rt_lib_init_lc_common                  0x08000173   Thumb Code     0  libinit2.o(.ARM.Collect$$libinit$$0000000F)
    __rt_lib_init_preinit_1                  0x08000173   Thumb Code     0  libinit2.o(.ARM.Collect$$libinit$$00000004)
    __rt_lib_init_rand_1                     0x08000173   Thumb Code     0  libinit2.o(.ARM.Collect$$libinit$$0000000E)
    __rt_lib_init_user_alloc_1               0x08000173   Thumb Code     0  libinit2.o(.ARM.Collect$$libinit$$0000000C)
    __rt_lib_init_lc_collate_1               0x08000179   Thumb Code     0  libinit2.o(.ARM.Collect$$libinit$$00000011)
    __rt_lib_init_lc_ctype_1                 0x08000179   Thumb Code     0  libinit2.o(.ARM.Collect$$libinit$$00000013)
    __rt_lib_init_lc_monetary_1              0x08000179   Thumb Code     0  libinit2.o(.ARM.Collect$$libinit$$00000015)
    __rt_lib_init_lc_numeric_2               0x08000179   Thumb Code     0  libinit2.o(.ARM.Collect$$libinit$$00000016)
    __rt_lib_init_alloca_1                   0x08000183   Thumb Code     0  libinit2.o(.ARM.Collect$$libinit$$0000002E)
    __rt_lib_init_argv_1                     0x08000183   Thumb Code     0  libinit2.o(.ARM.Collect$$libinit$$0000002C)
    __rt_lib_init_atexit_1                   0x08000183   Thumb Code     0  libinit2.o(.ARM.Collect$$libinit$$0000001B)
    __rt_lib_init_clock_1                    0x08000183   Thumb Code     0  libinit2.o(.ARM.Collect$$libinit$$00000021)
    __rt_lib_init_cpp_1                      0x08000183   Thumb Code     0  libinit2.o(.ARM.Collect$$libinit$$00000032)
    __rt_lib_init_exceptions_1               0x08000183   Thumb Code     0  libinit2.o(.ARM.Collect$$libinit$$00000030)
    __rt_lib_init_fp_trap_1                  0x08000183   Thumb Code     0  libinit2.o(.ARM.Collect$$libinit$$0000001F)
    __rt_lib_init_getenv_1                   0x08000183   Thumb Code     0  libinit2.o(.ARM.Collect$$libinit$$00000023)
    __rt_lib_init_lc_numeric_1               0x08000183   Thumb Code     0  libinit2.o(.ARM.Collect$$libinit$$00000017)
    __rt_lib_init_lc_time_1                  0x08000183   Thumb Code     0  libinit2.o(.ARM.Collect$$libinit$$00000019)
    __rt_lib_init_return                     0x08000183   Thumb Code     0  libinit2.o(.ARM.Collect$$libinit$$00000033)
    __rt_lib_init_signal_1                   0x08000183   Thumb Code     0  libinit2.o(.ARM.Collect$$libinit$$0000001D)
    __rt_lib_init_stdio_1                    0x08000183   Thumb Code     0  libinit2.o(.ARM.Collect$$libinit$$00000025)
    __rt_lib_shutdown                        0x08000185   Thumb Code     0  libshutdown.o(.ARM.Collect$$libshutdown$$00000000)
    __rt_lib_shutdown_cpp_1                  0x08000187   Thumb Code     0  libshutdown2.o(.ARM.Collect$$libshutdown$$00000004)
    __rt_lib_shutdown_fini_1                 0x08000187   Thumb Code     0  libshutdown2.o(.ARM.Collect$$libshutdown$$00000002)
    __rt_lib_shutdown_fp_trap_1              0x08000187   Thumb Code     0  libshutdown2.o(.ARM.Collect$$libshutdown$$00000009)
    __rt_lib_shutdown_heap_1                 0x08000187   Thumb Code     0  libshutdown2.o(.ARM.Collect$$libshutdown$$00000011)
    __rt_lib_shutdown_return                 0x08000187   Thumb Code     0  libshutdown2.o(.ARM.Collect$$libshutdown$$00000012)
    __rt_lib_shutdown_signal_1               0x08000187   Thumb Code     0  libshutdown2.o(.ARM.Collect$$libshutdown$$0000000C)
    __rt_lib_shutdown_stdio_1                0x08000187   Thumb Code     0  libshutdown2.o(.ARM.Collect$$libshutdown$$00000006)
    __rt_lib_shutdown_user_alloc_1           0x08000187   Thumb Code     0  libshutdown2.o(.ARM.Collect$$libshutdown$$0000000E)
    __rt_entry                               0x08000189   Thumb Code     0  __rtentry.o(.ARM.Collect$$rtentry$$00000000)
    __rt_entry_presh_1                       0x08000189   Thumb Code     0  __rtentry2.o(.ARM.Collect$$rtentry$$00000002)
    __rt_entry_sh                            0x08000189   Thumb Code     0  __rtentry4.o(.ARM.Collect$$rtentry$$00000004)
    __rt_entry_li                            0x0800018f   Thumb Code     0  __rtentry2.o(.ARM.Collect$$rtentry$$0000000A)
    __rt_entry_postsh_1                      0x0800018f   Thumb Code     0  __rtentry2.o(.ARM.Collect$$rtentry$$00000009)
    __rt_entry_main                          0x08000193   Thumb Code     0  __rtentry2.o(.ARM.Collect$$rtentry$$0000000D)
    __rt_entry_postli_1                      0x08000193   Thumb Code     0  __rtentry2.o(.ARM.Collect$$rtentry$$0000000C)
    __rt_exit                                0x0800019b   Thumb Code     0  rtexit.o(.ARM.Collect$$rtexit$$00000000)
    __rt_exit_ls                             0x0800019d   Thumb Code     0  rtexit2.o(.ARM.Collect$$rtexit$$00000003)
    __rt_exit_prels_1                        0x0800019d   Thumb Code     0  rtexit2.o(.ARM.Collect$$rtexit$$00000002)
    __rt_exit_exit                           0x080001a1   Thumb Code     0  rtexit2.o(.ARM.Collect$$rtexit$$00000004)
    Reset_Handler                            0x080001a9   Thumb Code     8  startup_stm32f103xb.o(.text)
    ADC1_2_IRQHandler                        0x080001c3   Thumb Code     0  startup_stm32f103xb.o(.text)
    CAN1_RX1_IRQHandler                      0x080001c3   Thumb Code     0  startup_stm32f103xb.o(.text)
    CAN1_SCE_IRQHandler                      0x080001c3   Thumb Code     0  startup_stm32f103xb.o(.text)
    DMA1_Channel1_IRQHandler                 0x080001c3   Thumb Code     0  startup_stm32f103xb.o(.text)
    DMA1_Channel2_IRQHandler                 0x080001c3   Thumb Code     0  startup_stm32f103xb.o(.text)
    DMA1_Channel3_IRQHandler                 0x080001c3   Thumb Code     0  startup_stm32f103xb.o(.text)
    DMA1_Channel4_IRQHandler                 0x080001c3   Thumb Code     0  startup_stm32f103xb.o(.text)
    DMA1_Channel5_IRQHandler                 0x080001c3   Thumb Code     0  startup_stm32f103xb.o(.text)
    DMA1_Channel6_IRQHandler                 0x080001c3   Thumb Code     0  startup_stm32f103xb.o(.text)
    DMA1_Channel7_IRQHandler                 0x080001c3   Thumb Code     0  startup_stm32f103xb.o(.text)
    EXTI0_IRQHandler                         0x080001c3   Thumb Code     0  startup_stm32f103xb.o(.text)
    EXTI15_10_IRQHandler                     0x080001c3   Thumb Code     0  startup_stm32f103xb.o(.text)
    EXTI1_IRQHandler                         0x080001c3   Thumb Code     0  startup_stm32f103xb.o(.text)
    EXTI2_IRQHandler                         0x080001c3   Thumb Code     0  startup_stm32f103xb.o(.text)
    EXTI3_IRQHandler                         0x080001c3   Thumb Code     0  startup_stm32f103xb.o(.text)
    EXTI4_IRQHandler                         0x080001c3   Thumb Code     0  startup_stm32f103xb.o(.text)
    EXTI9_5_IRQHandler                       0x080001c3   Thumb Code     0  startup_stm32f103xb.o(.text)
    FLASH_IRQHandler                         0x080001c3   Thumb Code     0  startup_stm32f103xb.o(.text)
    I2C2_ER_IRQHandler                       0x080001c3   Thumb Code     0  startup_stm32f103xb.o(.text)
    I2C2_EV_IRQHandler                       0x080001c3   Thumb Code     0  startup_stm32f103xb.o(.text)
    PVD_IRQHandler                           0x080001c3   Thumb Code     0  startup_stm32f103xb.o(.text)
    RCC_IRQHandler                           0x080001c3   Thumb Code     0  startup_stm32f103xb.o(.text)
    RTC_Alarm_IRQHandler                     0x080001c3   Thumb Code     0  startup_stm32f103xb.o(.text)
    RTC_IRQHandler                           0x080001c3   Thumb Code     0  startup_stm32f103xb.o(.text)
    SPI1_IRQHandler                          0x080001c3   Thumb Code     0  startup_stm32f103xb.o(.text)
    SPI2_IRQHandler                          0x080001c3   Thumb Code     0  startup_stm32f103xb.o(.text)
    TAMPER_IRQHandler                        0x080001c3   Thumb Code     0  startup_stm32f103xb.o(.text)
    TIM1_BRK_IRQHandler                      0x080001c3   Thumb Code     0  startup_stm32f103xb.o(.text)
    TIM1_TRG_COM_IRQHandler                  0x080001c3   Thumb Code     0  startup_stm32f103xb.o(.text)
    TIM1_UP_IRQHandler                       0x080001c3   Thumb Code     0  startup_stm32f103xb.o(.text)
    TIM4_IRQHandler                          0x080001c3   Thumb Code     0  startup_stm32f103xb.o(.text)
    USART1_IRQHandler                        0x080001c3   Thumb Code     0  startup_stm32f103xb.o(.text)
    USART2_IRQHandler                        0x080001c3   Thumb Code     0  startup_stm32f103xb.o(.text)
    USART3_IRQHandler                        0x080001c3   Thumb Code     0  startup_stm32f103xb.o(.text)
    USBWakeUp_IRQHandler                     0x080001c3   Thumb Code     0  startup_stm32f103xb.o(.text)
    USB_HP_CAN1_TX_IRQHandler                0x080001c3   Thumb Code     0  startup_stm32f103xb.o(.text)
    USB_LP_CAN1_RX0_IRQHandler               0x080001c3   Thumb Code     0  startup_stm32f103xb.o(.text)
    WWDG_IRQHandler                          0x080001c3   Thumb Code     0  startup_stm32f103xb.o(.text)
    __user_initial_stackheap                 0x080001c5   Thumb Code     0  startup_stm32f103xb.o(.text)
    __2sprintf                               0x080001e9   Thumb Code    34  noretval__2sprintf.o(.text)
    _printf_int_dec                          0x08000211   Thumb Code   104  _printf_dec.o(.text)
    __printf                                 0x08000289   Thumb Code   270  __printf_wp.o(.text)
    __aeabi_memcpy                           0x08000397   Thumb Code     0  rt_memcpy_v6.o(.text)
    __rt_memcpy                              0x08000397   Thumb Code   138  rt_memcpy_v6.o(.text)
    _memcpy_lastbytes                        0x080003fd   Thumb Code     0  rt_memcpy_v6.o(.text)
    __aeabi_memclr                           0x08000421   Thumb Code     0  rt_memclr.o(.text)
    __rt_memclr                              0x08000421   Thumb Code    68  rt_memclr.o(.text)
    _memset                                  0x08000425   Thumb Code     0  rt_memclr.o(.text)
    __aeabi_memclr4                          0x08000465   Thumb Code     0  rt_memclr_w.o(.text)
    __aeabi_memclr8                          0x08000465   Thumb Code     0  rt_memclr_w.o(.text)
    __rt_memclr_w                            0x08000465   Thumb Code    78  rt_memclr_w.o(.text)
    _memset_w                                0x08000469   Thumb Code     0  rt_memclr_w.o(.text)
    __use_two_region_memory                  0x080004b3   Thumb Code     2  heapauxi.o(.text)
    __rt_heap_escrow$2region                 0x080004b5   Thumb Code     2  heapauxi.o(.text)
    __rt_heap_expand$2region                 0x080004b7   Thumb Code     2  heapauxi.o(.text)
    _printf_int_common                       0x080004b9   Thumb Code   178  _printf_intcommon.o(.text)
    __lib_sel_fp_printf                      0x0800056b   Thumb Code     2  _printf_fp_dec.o(.text)
    _printf_fp_dec_real                      0x0800071d   Thumb Code   620  _printf_fp_dec.o(.text)
    _printf_char_common                      0x08000993   Thumb Code    32  _printf_char_common.o(.text)
    _sputc                                   0x080009b9   Thumb Code    10  _sputc.o(.text)
    __aeabi_memcpy4                          0x080009c3   Thumb Code     0  rt_memcpy_w.o(.text)
    __aeabi_memcpy8                          0x080009c3   Thumb Code     0  rt_memcpy_w.o(.text)
    __rt_memcpy_w                            0x080009c3   Thumb Code   100  rt_memcpy_w.o(.text)
    _memcpy_lastbytes_aligned                0x08000a0b   Thumb Code     0  rt_memcpy_w.o(.text)
    __rt_locale                              0x08000a29   Thumb Code     8  rt_locale_intlibspace.o(.text)
    _ll_udiv10                               0x08000a31   Thumb Code   138  lludiv10.o(.text)
    _printf_fp_infnan                        0x08000abd   Thumb Code   112  _printf_fp_infnan.o(.text)
    _btod_etento                             0x08000b3d   Thumb Code   224  bigflt0.o(.text)
    __user_libspace                          0x08000c21   Thumb Code     8  libspace.o(.text)
    __user_perproc_libspace                  0x08000c21   Thumb Code     0  libspace.o(.text)
    __user_perthread_libspace                0x08000c21   Thumb Code     0  libspace.o(.text)
    __user_setup_stackheap                   0x08000c29   Thumb Code    74  sys_stackheap_outer.o(.text)
    exit                                     0x08000c73   Thumb Code    18  exit.o(.text)
    strcmp                                   0x08000c85   Thumb Code   128  strcmpv7m.o(.text)
    _sys_exit                                0x08000d05   Thumb Code     8  sys_exit.o(.text)
    __I$use$semihosting                      0x08000d11   Thumb Code     0  use_no_semi.o(.text)
    __use_no_semihosting_swi                 0x08000d11   Thumb Code     2  use_no_semi.o(.text)
    __semihosting_library_function           0x08000d13   Thumb Code     0  indicate_semi.o(.text)
    _btod_d2e                                0x08000d13   Thumb Code    62  btod.o(CL$$btod_d2e)
    _d2e_denorm_low                          0x08000d51   Thumb Code    70  btod.o(CL$$btod_d2e_denorm_low)
    _d2e_norm_op1                            0x08000d97   Thumb Code    96  btod.o(CL$$btod_d2e_norm_op1)
    __btod_div_common                        0x08000df7   Thumb Code   696  btod.o(CL$$btod_div_common)
    _e2e                                     0x0800112f   Thumb Code   220  btod.o(CL$$btod_e2e)
    _btod_ediv                               0x0800120b   Thumb Code    42  btod.o(CL$$btod_ediv)
    _btod_emul                               0x08001235   Thumb Code    42  btod.o(CL$$btod_emul)
    __btod_mult_common                       0x0800125f   Thumb Code   580  btod.o(CL$$btod_mult_common)
    BusFault_Handler                         0x080014a3   Thumb Code     2  stm32f1xx_it.o(i.BusFault_Handler)
    DebugMon_Handler                         0x080014a5   Thumb Code     2  stm32f1xx_it.o(i.DebugMon_Handler)
    Error_Handler                            0x080014a7   Thumb Code     4  main.o(i.Error_Handler)
    HAL_DMA_Abort_IT                         0x080014ad   Thumb Code   148  stm32f1xx_hal_dma.o(i.HAL_DMA_Abort_IT)
    HAL_DMA_GetState                         0x08001545   Thumb Code     6  stm32f1xx_hal_dma.o(i.HAL_DMA_GetState)
    HAL_Delay                                0x0800154d   Thumb Code    32  stm32f1xx_hal.o(i.HAL_Delay)
    HAL_GPIO_Init                            0x08001571   Thumb Code   446  stm32f1xx_hal_gpio.o(i.HAL_GPIO_Init)
    HAL_GPIO_ReadPin                         0x08001751   Thumb Code    10  stm32f1xx_hal_gpio.o(i.HAL_GPIO_ReadPin)
    HAL_GPIO_WritePin                        0x0800175b   Thumb Code    10  stm32f1xx_hal_gpio.o(i.HAL_GPIO_WritePin)
    HAL_GetTick                              0x08001765   Thumb Code     6  stm32f1xx_hal.o(i.HAL_GetTick)
    HAL_I2C_AbortCpltCallback                0x08001771   Thumb Code     2  stm32f1xx_hal_i2c.o(i.HAL_I2C_AbortCpltCallback)
    HAL_I2C_AddrCallback                     0x08001773   Thumb Code     2  stm32f1xx_hal_i2c.o(i.HAL_I2C_AddrCallback)
    HAL_I2C_ER_IRQHandler                    0x08001775   Thumb Code   196  stm32f1xx_hal_i2c.o(i.HAL_I2C_ER_IRQHandler)
    HAL_I2C_EV_IRQHandler                    0x08001839   Thumb Code   560  stm32f1xx_hal_i2c.o(i.HAL_I2C_EV_IRQHandler)
    HAL_I2C_ErrorCallback                    0x08001a69   Thumb Code     2  stm32f1xx_hal_i2c.o(i.HAL_I2C_ErrorCallback)
    HAL_I2C_Init                             0x08001a6d   Thumb Code   376  stm32f1xx_hal_i2c.o(i.HAL_I2C_Init)
    HAL_I2C_ListenCpltCallback               0x08001bf5   Thumb Code     2  stm32f1xx_hal_i2c.o(i.HAL_I2C_ListenCpltCallback)
    HAL_I2C_MasterRxCpltCallback             0x08001bf7   Thumb Code     2  stm32f1xx_hal_i2c.o(i.HAL_I2C_MasterRxCpltCallback)
    HAL_I2C_MasterTxCpltCallback             0x08001bf9   Thumb Code     2  stm32f1xx_hal_i2c.o(i.HAL_I2C_MasterTxCpltCallback)
    HAL_I2C_Master_Transmit                  0x08001bfd   Thumb Code   290  stm32f1xx_hal_i2c.o(i.HAL_I2C_Master_Transmit)
    HAL_I2C_MemRxCpltCallback                0x08001d29   Thumb Code     2  stm32f1xx_hal_i2c.o(i.HAL_I2C_MemRxCpltCallback)
    HAL_I2C_MemTxCpltCallback                0x08001d2b   Thumb Code     2  stm32f1xx_hal_i2c.o(i.HAL_I2C_MemTxCpltCallback)
    HAL_I2C_MspInit                          0x08001d2d   Thumb Code   112  i2c.o(i.HAL_I2C_MspInit)
    HAL_I2C_SlaveRxCpltCallback              0x08001da9   Thumb Code     2  stm32f1xx_hal_i2c.o(i.HAL_I2C_SlaveRxCpltCallback)
    HAL_I2C_SlaveTxCpltCallback              0x08001dab   Thumb Code     2  stm32f1xx_hal_i2c.o(i.HAL_I2C_SlaveTxCpltCallback)
    HAL_IncTick                              0x08001dad   Thumb Code    12  stm32f1xx_hal.o(i.HAL_IncTick)
    HAL_Init                                 0x08001dbd   Thumb Code    32  stm32f1xx_hal.o(i.HAL_Init)
    HAL_InitTick                             0x08001de1   Thumb Code    54  stm32f1xx_hal.o(i.HAL_InitTick)
    HAL_MspInit                              0x08001e21   Thumb Code    38  stm32f1xx_hal_msp.o(i.HAL_MspInit)
    HAL_NVIC_EnableIRQ                       0x08001e4d   Thumb Code    26  stm32f1xx_hal_cortex.o(i.HAL_NVIC_EnableIRQ)
    HAL_NVIC_SetPriority                     0x08001e69   Thumb Code    60  stm32f1xx_hal_cortex.o(i.HAL_NVIC_SetPriority)
    HAL_NVIC_SetPriorityGrouping             0x08001ea9   Thumb Code    26  stm32f1xx_hal_cortex.o(i.HAL_NVIC_SetPriorityGrouping)
    HAL_RCC_ClockConfig                      0x08001ecd   Thumb Code   280  stm32f1xx_hal_rcc.o(i.HAL_RCC_ClockConfig)
    HAL_RCC_GetPCLK1Freq                     0x08001ff9   Thumb Code    20  stm32f1xx_hal_rcc.o(i.HAL_RCC_GetPCLK1Freq)
    HAL_RCC_GetSysClockFreq                  0x08002019   Thumb Code    58  stm32f1xx_hal_rcc.o(i.HAL_RCC_GetSysClockFreq)
    HAL_RCC_OscConfig                        0x08002065   Thumb Code   778  stm32f1xx_hal_rcc.o(i.HAL_RCC_OscConfig)
    HAL_SYSTICK_Config                       0x08002385   Thumb Code    40  stm32f1xx_hal_cortex.o(i.HAL_SYSTICK_Config)
    HAL_TIMEx_BreakCallback                  0x080023ad   Thumb Code     2  stm32f1xx_hal_tim_ex.o(i.HAL_TIMEx_BreakCallback)
    HAL_TIMEx_CommutCallback                 0x080023af   Thumb Code     2  stm32f1xx_hal_tim_ex.o(i.HAL_TIMEx_CommutCallback)
    HAL_TIMEx_MasterConfigSynchronization    0x080023b1   Thumb Code    92  stm32f1xx_hal_tim_ex.o(i.HAL_TIMEx_MasterConfigSynchronization)
    HAL_TIM_Base_Init                        0x08002419   Thumb Code    90  stm32f1xx_hal_tim.o(i.HAL_TIM_Base_Init)
    HAL_TIM_Base_MspInit                     0x08002475   Thumb Code   186  tim.o(i.HAL_TIM_Base_MspInit)
    HAL_TIM_Base_Start                       0x08002541   Thumb Code    66  stm32f1xx_hal_tim.o(i.HAL_TIM_Base_Start)
    HAL_TIM_ConfigClockSource                0x08002591   Thumb Code   220  stm32f1xx_hal_tim.o(i.HAL_TIM_ConfigClockSource)
    HAL_TIM_IC_CaptureCallback               0x0800266d   Thumb Code    68  hc_sr04.o(i.HAL_TIM_IC_CaptureCallback)
    HAL_TIM_IC_ConfigChannel                 0x080026c1   Thumb Code   292  stm32f1xx_hal_tim.o(i.HAL_TIM_IC_ConfigChannel)
    HAL_TIM_IC_Init                          0x080027e5   Thumb Code    90  stm32f1xx_hal_tim.o(i.HAL_TIM_IC_Init)
    HAL_TIM_IC_MspInit                       0x0800283f   Thumb Code     2  stm32f1xx_hal_tim.o(i.HAL_TIM_IC_MspInit)
    HAL_TIM_IC_Start_IT                      0x08002841   Thumb Code   216  stm32f1xx_hal_tim.o(i.HAL_TIM_IC_Start_IT)
    HAL_TIM_IRQHandler                       0x08002925   Thumb Code   358  stm32f1xx_hal_tim.o(i.HAL_TIM_IRQHandler)
    HAL_TIM_OC_DelayElapsedCallback          0x08002a8b   Thumb Code     2  stm32f1xx_hal_tim.o(i.HAL_TIM_OC_DelayElapsedCallback)
    HAL_TIM_PWM_PulseFinishedCallback        0x08002a8d   Thumb Code     2  stm32f1xx_hal_tim.o(i.HAL_TIM_PWM_PulseFinishedCallback)
    HAL_TIM_PeriodElapsedCallback            0x08002a91   Thumb Code   182  key.o(i.HAL_TIM_PeriodElapsedCallback)
    HAL_TIM_ReadCapturedValue                0x08002b55   Thumb Code    42  stm32f1xx_hal_tim.o(i.HAL_TIM_ReadCapturedValue)
    HAL_TIM_TriggerCallback                  0x08002b7f   Thumb Code     2  stm32f1xx_hal_tim.o(i.HAL_TIM_TriggerCallback)
    HardFault_Handler                        0x08002b81   Thumb Code     2  stm32f1xx_it.o(i.HardFault_Handler)
    I2C1_ER_IRQHandler                       0x08002b85   Thumb Code     6  stm32f1xx_it.o(i.I2C1_ER_IRQHandler)
    I2C1_EV_IRQHandler                       0x08002b91   Thumb Code     6  stm32f1xx_it.o(i.I2C1_EV_IRQHandler)
    MX_GPIO_Init                             0x0800383d   Thumb Code   122  gpio.o(i.MX_GPIO_Init)
    MX_I2C1_Init                             0x080038c1   Thumb Code    50  i2c.o(i.MX_I2C1_Init)
    MX_TIM1_Init                             0x08003901   Thumb Code    96  tim.o(i.MX_TIM1_Init)
    MX_TIM2_Init                             0x08003969   Thumb Code   164  tim.o(i.MX_TIM2_Init)
    MX_TIM3_Init                             0x08003a11   Thumb Code   162  tim.o(i.MX_TIM3_Init)
    MemManage_Handler                        0x08003abd   Thumb Code     2  stm32f1xx_it.o(i.MemManage_Handler)
    NMI_Handler                              0x08003abf   Thumb Code     2  stm32f1xx_it.o(i.NMI_Handler)
    OLED_Init                                0x08003ac1   Thumb Code   182  olde.o(i.OLED_Init)
    OLED_NewFrame                            0x08003b79   Thumb Code    10  olde.o(i.OLED_NewFrame)
    OLED_PrintASCIIChar                      0x08003b89   Thumb Code    32  olde.o(i.OLED_PrintASCIIChar)
    OLED_PrintASCIIString                    0x08003ba9   Thumb Code    46  olde.o(i.OLED_PrintASCIIString)
    OLED_Send                                0x08003bd9   Thumb Code    22  olde.o(i.OLED_Send)
    OLED_SendCmd                             0x08003bf5   Thumb Code    12  olde.o(i.OLED_SendCmd)
    OLED_SetBits                             0x08003c05   Thumb Code    72  olde.o(i.OLED_SetBits)
    OLED_SetBits_Fine                        0x08003c4d   Thumb Code   104  olde.o(i.OLED_SetBits_Fine)
    OLED_SetBlock                            0x08003cb5   Thumb Code   136  olde.o(i.OLED_SetBlock)
    OLED_SetByte_Fine                        0x08003d3d   Thumb Code    64  olde.o(i.OLED_SetByte_Fine)
    OLED_ShowFrame                           0x08003d85   Thumb Code    68  olde.o(i.OLED_ShowFrame)
    PendSV_Handler                           0x08003dcd   Thumb Code     2  stm32f1xx_it.o(i.PendSV_Handler)
    SVC_Handler                              0x08003dcf   Thumb Code     2  stm32f1xx_it.o(i.SVC_Handler)
    SysTick_Handler                          0x08003dd1   Thumb Code     4  stm32f1xx_it.o(i.SysTick_Handler)
    SystemClock_Config                       0x08003dd5   Thumb Code    94  main.o(i.SystemClock_Config)
    SystemInit                               0x08003e33   Thumb Code     2  system_stm32f1xx.o(i.SystemInit)
    TIM1_CC_IRQHandler                       0x08003e35   Thumb Code     6  stm32f1xx_it.o(i.TIM1_CC_IRQHandler)
    TIM2_IRQHandler                          0x08003e41   Thumb Code     6  stm32f1xx_it.o(i.TIM2_IRQHandler)
    TIM3_IRQHandler                          0x08003e4d   Thumb Code     6  stm32f1xx_it.o(i.TIM3_IRQHandler)
    TIM_Base_SetConfig                       0x08003e59   Thumb Code    94  stm32f1xx_hal_tim.o(i.TIM_Base_SetConfig)
    TIM_CCxChannelCmd                        0x08003ec5   Thumb Code    26  stm32f1xx_hal_tim.o(i.TIM_CCxChannelCmd)
    TIM_ETR_SetConfig                        0x08003edf   Thumb Code    20  stm32f1xx_hal_tim.o(i.TIM_ETR_SetConfig)
    TIM_TI1_SetConfig                        0x08003f25   Thumb Code    76  stm32f1xx_hal_tim.o(i.TIM_TI1_SetConfig)
    UsageFault_Handler                       0x08003fd7   Thumb Code     2  stm32f1xx_it.o(i.UsageFault_Handler)
    __ARM_fpclassify                         0x08003fd9   Thumb Code    40  fpclassify.o(i.__ARM_fpclassify)
    _is_digit                                0x08004021   Thumb Code    14  __printf_wp.o(i._is_digit)
    main                                     0x08004031   Thumb Code   176  main.o(i.main)
    _get_lc_numeric                          0x0800410d   Thumb Code    44  lc_numeric_c.o(locale$$code)
    __aeabi_d2f                              0x08004139   Thumb Code     0  d2f.o(x$fpl$d2f)
    _d2f                                     0x08004139   Thumb Code    98  d2f.o(x$fpl$d2f)
    __fpl_dcheck_NaN1                        0x0800419d   Thumb Code    10  dcheck1.o(x$fpl$dcheck1)
    __aeabi_i2d                              0x080041ad   Thumb Code     0  dflt_clz.o(x$fpl$dflt)
    _dflt                                    0x080041ad   Thumb Code    46  dflt_clz.o(x$fpl$dflt)
    __aeabi_dmul                             0x080041dd   Thumb Code     0  dmul.o(x$fpl$dmul)
    _dmul                                    0x080041dd   Thumb Code   332  dmul.o(x$fpl$dmul)
    __fpl_dnaninf                            0x08004331   Thumb Code   156  dnaninf.o(x$fpl$dnaninf)
    __fpl_dretinf                            0x080043cd   Thumb Code    12  dretinf.o(x$fpl$dretinf)
    __aeabi_f2d                              0x080043d9   Thumb Code     0  f2d.o(x$fpl$f2d)
    _f2d                                     0x080043d9   Thumb Code    86  f2d.o(x$fpl$f2d)
    __fpl_fnaninf                            0x0800442f   Thumb Code   140  fnaninf.o(x$fpl$fnaninf)
    __fpl_fretinf                            0x080044bb   Thumb Code    10  fretinf.o(x$fpl$fretinf)
    _printf_fp_dec                           0x080044c5   Thumb Code     4  printf1.o(x$fpl$printf1)
    __fpl_return_NaN                         0x080044c9   Thumb Code   100  retnan.o(x$fpl$retnan)
    __ARM_scalbn                             0x0800452d   Thumb Code    92  scalbn.o(x$fpl$scalbn)
    __fpl_cmpreturn                          0x08004589   Thumb Code    48  trapv.o(x$fpl$trapveneer)
    __I$use$fp                               0x080045b8   Number         0  usenofp.o(x$fpl$usenofp)
    AHBPrescTable                            0x080045ca   Data          16  system_stm32f1xx.o(.constdata)
    APBPrescTable                            0x080045da   Data           8  system_stm32f1xx.o(.constdata)
    ascii_12x6                               0x080045e2   Data        1140  font.o(.constdata)
    afont12x6                                0x08004a58   Data           8  font.o(.constdata)
    Region$$Table$$Base                      0x08004af4   Number         0  anon$$obj.o(Region$$Table)
    Region$$Table$$Limit                     0x08004b14   Number         0  anon$$obj.o(Region$$Table)
    uwTickFreq                               0x20000000   Data           1  stm32f1xx_hal.o(.data)
    uwTickPrio                               0x20000004   Data           4  stm32f1xx_hal.o(.data)
    uwTick                                   0x20000008   Data           4  stm32f1xx_hal.o(.data)
    SystemCoreClock                          0x2000000c   Data           4  system_stm32f1xx.o(.data)
    upEdge                                   0x20000014   Data           4  hc_sr04.o(.data)
    downEdge                                 0x20000018   Data           4  hc_sr04.o(.data)
    distance                                 0x2000001c   Data           4  hc_sr04.o(.data)
    hi2c1                                    0x20000020   Data          84  i2c.o(.bss)
    htim1                                    0x20000074   Data          72  tim.o(.bss)
    htim2                                    0x200000bc   Data          72  tim.o(.bss)
    htim3                                    0x20000104   Data          72  tim.o(.bss)
    key                                      0x2000014c   Data          32  key.o(.bss)
    OLED_GRAM                                0x200001ed   Data        1024  olde.o(.bss)
    __libspace_start                         0x200005f0   Data          96  libspace.o(.bss)
    __temporary_stack_top$libspace           0x20000650   Data           0  libspace.o(.bss)



==============================================================================

Memory Map of the image

  Image Entry point : 0x080000ed

  Load Region LR_IROM1 (Base: 0x08000000, Size: 0x00004b50, Max: 0x00010000, ABSOLUTE)

    Execution Region ER_IROM1 (Exec base: 0x08000000, Load base: 0x08000000, Size: 0x00004b30, Max: 0x00010000, ABSOLUTE)

    Exec Addr    Load Addr    Size         Type   Attr      Idx    E Section Name        Object

    0x08000000   0x08000000   0x000000ec   Data   RO            3    RESET               startup_stm32f103xb.o
    0x080000ec   0x080000ec   0x00000008   Code   RO         3224  * !!!main             c_w.l(__main.o)
    0x080000f4   0x080000f4   0x00000034   Code   RO         3480    !!!scatter          c_w.l(__scatter.o)
    0x08000128   0x08000128   0x0000001a   Code   RO         3482    !!handler_copy      c_w.l(__scatter_copy.o)
    0x08000142   0x08000142   0x00000002   PAD
    0x08000144   0x08000144   0x0000001c   Code   RO         3484    !!handler_zi        c_w.l(__scatter_zi.o)
    0x08000160   0x08000160   0x00000000   Code   RO         3213    .ARM.Collect$$_printf_percent$$00000000  c_w.l(_printf_percent.o)
    0x08000160   0x08000160   0x00000006   Code   RO         3212    .ARM.Collect$$_printf_percent$$00000003  c_w.l(_printf_f.o)
    0x08000166   0x08000166   0x00000006   Code   RO         3211    .ARM.Collect$$_printf_percent$$00000009  c_w.l(_printf_d.o)
    0x0800016c   0x0800016c   0x00000004   Code   RO         3261    .ARM.Collect$$_printf_percent$$00000017  c_w.l(_printf_percent_end.o)
    0x08000170   0x08000170   0x00000002   Code   RO         3349    .ARM.Collect$$libinit$$00000000  c_w.l(libinit.o)
    0x08000172   0x08000172   0x00000000   Code   RO         3351    .ARM.Collect$$libinit$$00000002  c_w.l(libinit2.o)
    0x08000172   0x08000172   0x00000000   Code   RO         3353    .ARM.Collect$$libinit$$00000004  c_w.l(libinit2.o)
    0x08000172   0x08000172   0x00000000   Code   RO         3356    .ARM.Collect$$libinit$$0000000A  c_w.l(libinit2.o)
    0x08000172   0x08000172   0x00000000   Code   RO         3358    .ARM.Collect$$libinit$$0000000C  c_w.l(libinit2.o)
    0x08000172   0x08000172   0x00000000   Code   RO         3360    .ARM.Collect$$libinit$$0000000E  c_w.l(libinit2.o)
    0x08000172   0x08000172   0x00000006   Code   RO         3361    .ARM.Collect$$libinit$$0000000F  c_w.l(libinit2.o)
    0x08000178   0x08000178   0x00000000   Code   RO         3363    .ARM.Collect$$libinit$$00000011  c_w.l(libinit2.o)
    0x08000178   0x08000178   0x00000000   Code   RO         3365    .ARM.Collect$$libinit$$00000013  c_w.l(libinit2.o)
    0x08000178   0x08000178   0x00000000   Code   RO         3367    .ARM.Collect$$libinit$$00000015  c_w.l(libinit2.o)
    0x08000178   0x08000178   0x0000000a   Code   RO         3368    .ARM.Collect$$libinit$$00000016  c_w.l(libinit2.o)
    0x08000182   0x08000182   0x00000000   Code   RO         3369    .ARM.Collect$$libinit$$00000017  c_w.l(libinit2.o)
    0x08000182   0x08000182   0x00000000   Code   RO         3371    .ARM.Collect$$libinit$$00000019  c_w.l(libinit2.o)
    0x08000182   0x08000182   0x00000000   Code   RO         3373    .ARM.Collect$$libinit$$0000001B  c_w.l(libinit2.o)
    0x08000182   0x08000182   0x00000000   Code   RO         3375    .ARM.Collect$$libinit$$0000001D  c_w.l(libinit2.o)
    0x08000182   0x08000182   0x00000000   Code   RO         3377    .ARM.Collect$$libinit$$0000001F  c_w.l(libinit2.o)
    0x08000182   0x08000182   0x00000000   Code   RO         3379    .ARM.Collect$$libinit$$00000021  c_w.l(libinit2.o)
    0x08000182   0x08000182   0x00000000   Code   RO         3381    .ARM.Collect$$libinit$$00000023  c_w.l(libinit2.o)
    0x08000182   0x08000182   0x00000000   Code   RO         3383    .ARM.Collect$$libinit$$00000025  c_w.l(libinit2.o)
    0x08000182   0x08000182   0x00000000   Code   RO         3387    .ARM.Collect$$libinit$$0000002C  c_w.l(libinit2.o)
    0x08000182   0x08000182   0x00000000   Code   RO         3389    .ARM.Collect$$libinit$$0000002E  c_w.l(libinit2.o)
    0x08000182   0x08000182   0x00000000   Code   RO         3391    .ARM.Collect$$libinit$$00000030  c_w.l(libinit2.o)
    0x08000182   0x08000182   0x00000000   Code   RO         3393    .ARM.Collect$$libinit$$00000032  c_w.l(libinit2.o)
    0x08000182   0x08000182   0x00000002   Code   RO         3394    .ARM.Collect$$libinit$$00000033  c_w.l(libinit2.o)
    0x08000184   0x08000184   0x00000002   Code   RO         3426    .ARM.Collect$$libshutdown$$00000000  c_w.l(libshutdown.o)
    0x08000186   0x08000186   0x00000000   Code   RO         3437    .ARM.Collect$$libshutdown$$00000002  c_w.l(libshutdown2.o)
    0x08000186   0x08000186   0x00000000   Code   RO         3439    .ARM.Collect$$libshutdown$$00000004  c_w.l(libshutdown2.o)
    0x08000186   0x08000186   0x00000000   Code   RO         3441    .ARM.Collect$$libshutdown$$00000006  c_w.l(libshutdown2.o)
    0x08000186   0x08000186   0x00000000   Code   RO         3444    .ARM.Collect$$libshutdown$$00000009  c_w.l(libshutdown2.o)
    0x08000186   0x08000186   0x00000000   Code   RO         3447    .ARM.Collect$$libshutdown$$0000000C  c_w.l(libshutdown2.o)
    0x08000186   0x08000186   0x00000000   Code   RO         3449    .ARM.Collect$$libshutdown$$0000000E  c_w.l(libshutdown2.o)
    0x08000186   0x08000186   0x00000000   Code   RO         3452    .ARM.Collect$$libshutdown$$00000011  c_w.l(libshutdown2.o)
    0x08000186   0x08000186   0x00000002   Code   RO         3453    .ARM.Collect$$libshutdown$$00000012  c_w.l(libshutdown2.o)
    0x08000188   0x08000188   0x00000000   Code   RO         3252    .ARM.Collect$$rtentry$$00000000  c_w.l(__rtentry.o)
    0x08000188   0x08000188   0x00000000   Code   RO         3276    .ARM.Collect$$rtentry$$00000002  c_w.l(__rtentry2.o)
    0x08000188   0x08000188   0x00000006   Code   RO         3288    .ARM.Collect$$rtentry$$00000004  c_w.l(__rtentry4.o)
    0x0800018e   0x0800018e   0x00000000   Code   RO         3278    .ARM.Collect$$rtentry$$00000009  c_w.l(__rtentry2.o)
    0x0800018e   0x0800018e   0x00000004   Code   RO         3279    .ARM.Collect$$rtentry$$0000000A  c_w.l(__rtentry2.o)
    0x08000192   0x08000192   0x00000000   Code   RO         3281    .ARM.Collect$$rtentry$$0000000C  c_w.l(__rtentry2.o)
    0x08000192   0x08000192   0x00000008   Code   RO         3282    .ARM.Collect$$rtentry$$0000000D  c_w.l(__rtentry2.o)
    0x0800019a   0x0800019a   0x00000002   Code   RO         3397    .ARM.Collect$$rtexit$$00000000  c_w.l(rtexit.o)
    0x0800019c   0x0800019c   0x00000000   Code   RO         3404    .ARM.Collect$$rtexit$$00000002  c_w.l(rtexit2.o)
    0x0800019c   0x0800019c   0x00000004   Code   RO         3405    .ARM.Collect$$rtexit$$00000003  c_w.l(rtexit2.o)
    0x080001a0   0x080001a0   0x00000006   Code   RO         3406    .ARM.Collect$$rtexit$$00000004  c_w.l(rtexit2.o)
    0x080001a6   0x080001a6   0x00000002   PAD
    0x080001a8   0x080001a8   0x00000040   Code   RO            4    .text               startup_stm32f103xb.o
    0x080001e8   0x080001e8   0x00000028   Code   RO         3185    .text               c_w.l(noretval__2sprintf.o)
    0x08000210   0x08000210   0x00000078   Code   RO         3189    .text               c_w.l(_printf_dec.o)
    0x08000288   0x08000288   0x0000010e   Code   RO         3199    .text               c_w.l(__printf_wp.o)
    0x08000396   0x08000396   0x0000008a   Code   RO         3216    .text               c_w.l(rt_memcpy_v6.o)
    0x08000420   0x08000420   0x00000044   Code   RO         3218    .text               c_w.l(rt_memclr.o)
    0x08000464   0x08000464   0x0000004e   Code   RO         3220    .text               c_w.l(rt_memclr_w.o)
    0x080004b2   0x080004b2   0x00000006   Code   RO         3222    .text               c_w.l(heapauxi.o)
    0x080004b8   0x080004b8   0x000000b2   Code   RO         3253    .text               c_w.l(_printf_intcommon.o)
    0x0800056a   0x0800056a   0x0000041e   Code   RO         3255    .text               c_w.l(_printf_fp_dec.o)
    0x08000988   0x08000988   0x00000030   Code   RO         3257    .text               c_w.l(_printf_char_common.o)
    0x080009b8   0x080009b8   0x0000000a   Code   RO         3259    .text               c_w.l(_sputc.o)
    0x080009c2   0x080009c2   0x00000064   Code   RO         3262    .text               c_w.l(rt_memcpy_w.o)
    0x08000a26   0x08000a26   0x00000002   PAD
    0x08000a28   0x08000a28   0x00000008   Code   RO         3293    .text               c_w.l(rt_locale_intlibspace.o)
    0x08000a30   0x08000a30   0x0000008a   Code   RO         3295    .text               c_w.l(lludiv10.o)
    0x08000aba   0x08000aba   0x00000002   PAD
    0x08000abc   0x08000abc   0x00000080   Code   RO         3297    .text               c_w.l(_printf_fp_infnan.o)
    0x08000b3c   0x08000b3c   0x000000e4   Code   RO         3301    .text               c_w.l(bigflt0.o)
    0x08000c20   0x08000c20   0x00000008   Code   RO         3335    .text               c_w.l(libspace.o)
    0x08000c28   0x08000c28   0x0000004a   Code   RO         3338    .text               c_w.l(sys_stackheap_outer.o)
    0x08000c72   0x08000c72   0x00000012   Code   RO         3340    .text               c_w.l(exit.o)
    0x08000c84   0x08000c84   0x00000080   Code   RO         3342    .text               c_w.l(strcmpv7m.o)
    0x08000d04   0x08000d04   0x0000000c   Code   RO         3416    .text               c_w.l(sys_exit.o)
    0x08000d10   0x08000d10   0x00000002   Code   RO         3427    .text               c_w.l(use_no_semi.o)
    0x08000d12   0x08000d12   0x00000000   Code   RO         3429    .text               c_w.l(indicate_semi.o)
    0x08000d12   0x08000d12   0x0000003e   Code   RO         3304    CL$$btod_d2e        c_w.l(btod.o)
    0x08000d50   0x08000d50   0x00000046   Code   RO         3306    CL$$btod_d2e_denorm_low  c_w.l(btod.o)
    0x08000d96   0x08000d96   0x00000060   Code   RO         3305    CL$$btod_d2e_norm_op1  c_w.l(btod.o)
    0x08000df6   0x08000df6   0x00000338   Code   RO         3314    CL$$btod_div_common  c_w.l(btod.o)
    0x0800112e   0x0800112e   0x000000dc   Code   RO         3311    CL$$btod_e2e        c_w.l(btod.o)
    0x0800120a   0x0800120a   0x0000002a   Code   RO         3308    CL$$btod_ediv       c_w.l(btod.o)
    0x08001234   0x08001234   0x0000002a   Code   RO         3307    CL$$btod_emul       c_w.l(btod.o)
    0x0800125e   0x0800125e   0x00000244   Code   RO         3313    CL$$btod_mult_common  c_w.l(btod.o)
    0x080014a2   0x080014a2   0x00000002   Code   RO          293    i.BusFault_Handler  stm32f1xx_it.o
    0x080014a4   0x080014a4   0x00000002   Code   RO          294    i.DebugMon_Handler  stm32f1xx_it.o
    0x080014a6   0x080014a6   0x00000004   Code   RO           13    i.Error_Handler     main.o
    0x080014aa   0x080014aa   0x00000002   PAD
    0x080014ac   0x080014ac   0x00000098   Code   RO         1278    i.HAL_DMA_Abort_IT  stm32f1xx_hal_dma.o
    0x08001544   0x08001544   0x00000006   Code   RO         1281    i.HAL_DMA_GetState  stm32f1xx_hal_dma.o
    0x0800154a   0x0800154a   0x00000002   PAD
    0x0800154c   0x0800154c   0x00000024   Code   RO          903    i.HAL_Delay         stm32f1xx_hal.o
    0x08001570   0x08001570   0x000001e0   Code   RO         1213    i.HAL_GPIO_Init     stm32f1xx_hal_gpio.o
    0x08001750   0x08001750   0x0000000a   Code   RO         1215    i.HAL_GPIO_ReadPin  stm32f1xx_hal_gpio.o
    0x0800175a   0x0800175a   0x0000000a   Code   RO         1217    i.HAL_GPIO_WritePin  stm32f1xx_hal_gpio.o
    0x08001764   0x08001764   0x0000000c   Code   RO          907    i.HAL_GetTick       stm32f1xx_hal.o
    0x08001770   0x08001770   0x00000002   Code   RO          459    i.HAL_I2C_AbortCpltCallback  stm32f1xx_hal_i2c.o
    0x08001772   0x08001772   0x00000002   Code   RO          460    i.HAL_I2C_AddrCallback  stm32f1xx_hal_i2c.o
    0x08001774   0x08001774   0x000000c4   Code   RO          463    i.HAL_I2C_ER_IRQHandler  stm32f1xx_hal_i2c.o
    0x08001838   0x08001838   0x00000230   Code   RO          464    i.HAL_I2C_EV_IRQHandler  stm32f1xx_hal_i2c.o
    0x08001a68   0x08001a68   0x00000002   Code   RO          466    i.HAL_I2C_ErrorCallback  stm32f1xx_hal_i2c.o
    0x08001a6a   0x08001a6a   0x00000002   PAD
    0x08001a6c   0x08001a6c   0x00000188   Code   RO          470    i.HAL_I2C_Init      stm32f1xx_hal_i2c.o
    0x08001bf4   0x08001bf4   0x00000002   Code   RO          472    i.HAL_I2C_ListenCpltCallback  stm32f1xx_hal_i2c.o
    0x08001bf6   0x08001bf6   0x00000002   Code   RO          473    i.HAL_I2C_MasterRxCpltCallback  stm32f1xx_hal_i2c.o
    0x08001bf8   0x08001bf8   0x00000002   Code   RO          474    i.HAL_I2C_MasterTxCpltCallback  stm32f1xx_hal_i2c.o
    0x08001bfa   0x08001bfa   0x00000002   PAD
    0x08001bfc   0x08001bfc   0x0000012c   Code   RO          483    i.HAL_I2C_Master_Transmit  stm32f1xx_hal_i2c.o
    0x08001d28   0x08001d28   0x00000002   Code   RO          486    i.HAL_I2C_MemRxCpltCallback  stm32f1xx_hal_i2c.o
    0x08001d2a   0x08001d2a   0x00000002   Code   RO          487    i.HAL_I2C_MemTxCpltCallback  stm32f1xx_hal_i2c.o
    0x08001d2c   0x08001d2c   0x0000007c   Code   RO          198    i.HAL_I2C_MspInit   i2c.o
    0x08001da8   0x08001da8   0x00000002   Code   RO          496    i.HAL_I2C_SlaveRxCpltCallback  stm32f1xx_hal_i2c.o
    0x08001daa   0x08001daa   0x00000002   Code   RO          497    i.HAL_I2C_SlaveTxCpltCallback  stm32f1xx_hal_i2c.o
    0x08001dac   0x08001dac   0x00000010   Code   RO          913    i.HAL_IncTick       stm32f1xx_hal.o
    0x08001dbc   0x08001dbc   0x00000024   Code   RO          914    i.HAL_Init          stm32f1xx_hal.o
    0x08001de0   0x08001de0   0x00000040   Code   RO          915    i.HAL_InitTick      stm32f1xx_hal.o
    0x08001e20   0x08001e20   0x0000002c   Code   RO          399    i.HAL_MspInit       stm32f1xx_hal_msp.o
    0x08001e4c   0x08001e4c   0x0000001a   Code   RO         1373    i.HAL_NVIC_EnableIRQ  stm32f1xx_hal_cortex.o
    0x08001e66   0x08001e66   0x00000002   PAD
    0x08001e68   0x08001e68   0x00000040   Code   RO         1379    i.HAL_NVIC_SetPriority  stm32f1xx_hal_cortex.o
    0x08001ea8   0x08001ea8   0x00000024   Code   RO         1380    i.HAL_NVIC_SetPriorityGrouping  stm32f1xx_hal_cortex.o
    0x08001ecc   0x08001ecc   0x0000012c   Code   RO         1071    i.HAL_RCC_ClockConfig  stm32f1xx_hal_rcc.o
    0x08001ff8   0x08001ff8   0x00000020   Code   RO         1078    i.HAL_RCC_GetPCLK1Freq  stm32f1xx_hal_rcc.o
    0x08002018   0x08002018   0x0000004c   Code   RO         1080    i.HAL_RCC_GetSysClockFreq  stm32f1xx_hal_rcc.o
    0x08002064   0x08002064   0x00000320   Code   RO         1083    i.HAL_RCC_OscConfig  stm32f1xx_hal_rcc.o
    0x08002384   0x08002384   0x00000028   Code   RO         1384    i.HAL_SYSTICK_Config  stm32f1xx_hal_cortex.o
    0x080023ac   0x080023ac   0x00000002   Code   RO         2579    i.HAL_TIMEx_BreakCallback  stm32f1xx_hal_tim_ex.o
    0x080023ae   0x080023ae   0x00000002   Code   RO         2580    i.HAL_TIMEx_CommutCallback  stm32f1xx_hal_tim_ex.o
    0x080023b0   0x080023b0   0x00000068   Code   RO         2598    i.HAL_TIMEx_MasterConfigSynchronization  stm32f1xx_hal_tim_ex.o
    0x08002418   0x08002418   0x0000005a   Code   RO         1875    i.HAL_TIM_Base_Init  stm32f1xx_hal_tim.o
    0x08002472   0x08002472   0x00000002   PAD
    0x08002474   0x08002474   0x000000cc   Code   RO          240    i.HAL_TIM_Base_MspInit  tim.o
    0x08002540   0x08002540   0x00000050   Code   RO         1878    i.HAL_TIM_Base_Start  stm32f1xx_hal_tim.o
    0x08002590   0x08002590   0x000000dc   Code   RO         1884    i.HAL_TIM_ConfigClockSource  stm32f1xx_hal_tim.o
    0x0800266c   0x0800266c   0x00000054   Code   RO         3152    i.HAL_TIM_IC_CaptureCallback  hc_sr04.o
    0x080026c0   0x080026c0   0x00000124   Code   RO         1911    i.HAL_TIM_IC_ConfigChannel  stm32f1xx_hal_tim.o
    0x080027e4   0x080027e4   0x0000005a   Code   RO         1914    i.HAL_TIM_IC_Init   stm32f1xx_hal_tim.o
    0x0800283e   0x0800283e   0x00000002   Code   RO         1916    i.HAL_TIM_IC_MspInit  stm32f1xx_hal_tim.o
    0x08002840   0x08002840   0x000000e4   Code   RO         1919    i.HAL_TIM_IC_Start_IT  stm32f1xx_hal_tim.o
    0x08002924   0x08002924   0x00000166   Code   RO         1923    i.HAL_TIM_IRQHandler  stm32f1xx_hal_tim.o
    0x08002a8a   0x08002a8a   0x00000002   Code   RO         1926    i.HAL_TIM_OC_DelayElapsedCallback  stm32f1xx_hal_tim.o
    0x08002a8c   0x08002a8c   0x00000002   Code   RO         1953    i.HAL_TIM_PWM_PulseFinishedCallback  stm32f1xx_hal_tim.o
    0x08002a8e   0x08002a8e   0x00000002   PAD
    0x08002a90   0x08002a90   0x000000c4   Code   RO         2930    i.HAL_TIM_PeriodElapsedCallback  key.o
    0x08002b54   0x08002b54   0x0000002a   Code   RO         1963    i.HAL_TIM_ReadCapturedValue  stm32f1xx_hal_tim.o
    0x08002b7e   0x08002b7e   0x00000002   Code   RO         1966    i.HAL_TIM_TriggerCallback  stm32f1xx_hal_tim.o
    0x08002b80   0x08002b80   0x00000002   Code   RO          295    i.HardFault_Handler  stm32f1xx_it.o
    0x08002b82   0x08002b82   0x00000002   PAD
    0x08002b84   0x08002b84   0x0000000c   Code   RO          296    i.I2C1_ER_IRQHandler  stm32f1xx_it.o
    0x08002b90   0x08002b90   0x0000000c   Code   RO          297    i.I2C1_EV_IRQHandler  stm32f1xx_it.o
    0x08002b9c   0x08002b9c   0x000000bc   Code   RO          508    i.I2C_DMAAbort      stm32f1xx_hal_i2c.o
    0x08002c58   0x08002c58   0x00000010   Code   RO          511    i.I2C_Flush_DR      stm32f1xx_hal_i2c.o
    0x08002c68   0x08002c68   0x00000158   Code   RO          512    i.I2C_ITError       stm32f1xx_hal_i2c.o
    0x08002dc0   0x08002dc0   0x0000002e   Code   RO          513    i.I2C_IsAcknowledgeFailed  stm32f1xx_hal_i2c.o
    0x08002dee   0x08002dee   0x000000d2   Code   RO          514    i.I2C_MasterReceive_BTF  stm32f1xx_hal_i2c.o
    0x08002ec0   0x08002ec0   0x000000e8   Code   RO          515    i.I2C_MasterReceive_RXNE  stm32f1xx_hal_i2c.o
    0x08002fa8   0x08002fa8   0x0000009c   Code   RO          517    i.I2C_MasterRequestWrite  stm32f1xx_hal_i2c.o
    0x08003044   0x08003044   0x00000082   Code   RO          518    i.I2C_MasterTransmit_BTF  stm32f1xx_hal_i2c.o
    0x080030c6   0x080030c6   0x00000002   PAD
    0x080030c8   0x080030c8   0x000000b6   Code   RO          519    i.I2C_MasterTransmit_TXE  stm32f1xx_hal_i2c.o
    0x0800317e   0x0800317e   0x00000002   PAD
    0x08003180   0x08003180   0x00000158   Code   RO          520    i.I2C_Master_ADDR   stm32f1xx_hal_i2c.o
    0x080032d8   0x080032d8   0x0000008c   Code   RO          521    i.I2C_Master_SB     stm32f1xx_hal_i2c.o
    0x08003364   0x08003364   0x000000a8   Code   RO          522    i.I2C_MemoryTransmit_TXE_BTF  stm32f1xx_hal_i2c.o
    0x0800340c   0x0800340c   0x00000046   Code   RO          525    i.I2C_Slave_ADDR    stm32f1xx_hal_i2c.o
    0x08003452   0x08003452   0x00000002   PAD
    0x08003454   0x08003454   0x00000090   Code   RO          526    i.I2C_Slave_AF      stm32f1xx_hal_i2c.o
    0x080034e4   0x080034e4   0x0000015c   Code   RO          527    i.I2C_Slave_STOPF   stm32f1xx_hal_i2c.o
    0x08003640   0x08003640   0x00000056   Code   RO          528    i.I2C_WaitOnBTFFlagUntilTimeout  stm32f1xx_hal_i2c.o
    0x08003696   0x08003696   0x00000002   PAD
    0x08003698   0x08003698   0x00000090   Code   RO          529    i.I2C_WaitOnFlagUntilTimeout  stm32f1xx_hal_i2c.o
    0x08003728   0x08003728   0x000000bc   Code   RO          530    i.I2C_WaitOnMasterAddressFlagUntilTimeout  stm32f1xx_hal_i2c.o
    0x080037e4   0x080037e4   0x00000056   Code   RO          532    i.I2C_WaitOnTXEFlagUntilTimeout  stm32f1xx_hal_i2c.o
    0x0800383a   0x0800383a   0x00000002   PAD
    0x0800383c   0x0800383c   0x00000084   Code   RO          173    i.MX_GPIO_Init      gpio.o
    0x080038c0   0x080038c0   0x00000040   Code   RO          199    i.MX_I2C1_Init      i2c.o
    0x08003900   0x08003900   0x00000068   Code   RO          241    i.MX_TIM1_Init      tim.o
    0x08003968   0x08003968   0x000000a8   Code   RO          242    i.MX_TIM2_Init      tim.o
    0x08003a10   0x08003a10   0x000000ac   Code   RO          243    i.MX_TIM3_Init      tim.o
    0x08003abc   0x08003abc   0x00000002   Code   RO          298    i.MemManage_Handler  stm32f1xx_it.o
    0x08003abe   0x08003abe   0x00000002   Code   RO          299    i.NMI_Handler       stm32f1xx_it.o
    0x08003ac0   0x08003ac0   0x000000b6   Code   RO         2971    i.OLED_Init         olde.o
    0x08003b76   0x08003b76   0x00000002   PAD
    0x08003b78   0x08003b78   0x00000010   Code   RO         2972    i.OLED_NewFrame     olde.o
    0x08003b88   0x08003b88   0x00000020   Code   RO         2973    i.OLED_PrintASCIIChar  olde.o
    0x08003ba8   0x08003ba8   0x0000002e   Code   RO         2974    i.OLED_PrintASCIIString  olde.o
    0x08003bd6   0x08003bd6   0x00000002   PAD
    0x08003bd8   0x08003bd8   0x0000001c   Code   RO         2976    i.OLED_Send         olde.o
    0x08003bf4   0x08003bf4   0x00000010   Code   RO         2977    i.OLED_SendCmd      olde.o
    0x08003c04   0x08003c04   0x00000048   Code   RO         2978    i.OLED_SetBits      olde.o
    0x08003c4c   0x08003c4c   0x00000068   Code   RO         2979    i.OLED_SetBits_Fine  olde.o
    0x08003cb4   0x08003cb4   0x00000088   Code   RO         2980    i.OLED_SetBlock     olde.o
    0x08003d3c   0x08003d3c   0x00000048   Code   RO         2982    i.OLED_SetByte_Fine  olde.o
    0x08003d84   0x08003d84   0x00000048   Code   RO         2985    i.OLED_ShowFrame    olde.o
    0x08003dcc   0x08003dcc   0x00000002   Code   RO          300    i.PendSV_Handler    stm32f1xx_it.o
    0x08003dce   0x08003dce   0x00000002   Code   RO          301    i.SVC_Handler       stm32f1xx_it.o
    0x08003dd0   0x08003dd0   0x00000004   Code   RO          302    i.SysTick_Handler   stm32f1xx_it.o
    0x08003dd4   0x08003dd4   0x0000005e   Code   RO           14    i.SystemClock_Config  main.o
    0x08003e32   0x08003e32   0x00000002   Code   RO         2847    i.SystemInit        system_stm32f1xx.o
    0x08003e34   0x08003e34   0x0000000c   Code   RO          303    i.TIM1_CC_IRQHandler  stm32f1xx_it.o
    0x08003e40   0x08003e40   0x0000000c   Code   RO          304    i.TIM2_IRQHandler   stm32f1xx_it.o
    0x08003e4c   0x08003e4c   0x0000000c   Code   RO          305    i.TIM3_IRQHandler   stm32f1xx_it.o
    0x08003e58   0x08003e58   0x0000006c   Code   RO         1968    i.TIM_Base_SetConfig  stm32f1xx_hal_tim.o
    0x08003ec4   0x08003ec4   0x0000001a   Code   RO         1969    i.TIM_CCxChannelCmd  stm32f1xx_hal_tim.o
    0x08003ede   0x08003ede   0x00000014   Code   RO         1979    i.TIM_ETR_SetConfig  stm32f1xx_hal_tim.o
    0x08003ef2   0x08003ef2   0x00000010   Code   RO         1980    i.TIM_ITRx_SetConfig  stm32f1xx_hal_tim.o
    0x08003f02   0x08003f02   0x00000022   Code   RO         1986    i.TIM_TI1_ConfigInputStage  stm32f1xx_hal_tim.o
    0x08003f24   0x08003f24   0x00000058   Code   RO         1987    i.TIM_TI1_SetConfig  stm32f1xx_hal_tim.o
    0x08003f7c   0x08003f7c   0x00000024   Code   RO         1988    i.TIM_TI2_ConfigInputStage  stm32f1xx_hal_tim.o
    0x08003fa0   0x08003fa0   0x00000036   Code   RO         1989    i.TIM_TI2_SetConfig  stm32f1xx_hal_tim.o
    0x08003fd6   0x08003fd6   0x00000002   Code   RO          306    i.UsageFault_Handler  stm32f1xx_it.o
    0x08003fd8   0x08003fd8   0x00000028   Code   RO         3333    i.__ARM_fpclassify  m_ws.l(fpclassify.o)
    0x08004000   0x08004000   0x00000020   Code   RO         1386    i.__NVIC_SetPriority  stm32f1xx_hal_cortex.o
    0x08004020   0x08004020   0x0000000e   Code   RO         3201    i._is_digit         c_w.l(__printf_wp.o)
    0x0800402e   0x0800402e   0x00000002   PAD
    0x08004030   0x08004030   0x000000dc   Code   RO           15    i.main              main.o
    0x0800410c   0x0800410c   0x0000002c   Code   RO         3327    locale$$code        c_w.l(lc_numeric_c.o)
    0x08004138   0x08004138   0x00000062   Code   RO         3226    x$fpl$d2f           fz_ws.l(d2f.o)
    0x0800419a   0x0800419a   0x00000002   PAD
    0x0800419c   0x0800419c   0x00000010   Code   RO         3264    x$fpl$dcheck1       fz_ws.l(dcheck1.o)
    0x080041ac   0x080041ac   0x0000002e   Code   RO         3239    x$fpl$dflt          fz_ws.l(dflt_clz.o)
    0x080041da   0x080041da   0x00000002   PAD
    0x080041dc   0x080041dc   0x00000154   Code   RO         3244    x$fpl$dmul          fz_ws.l(dmul.o)
    0x08004330   0x08004330   0x0000009c   Code   RO         3266    x$fpl$dnaninf       fz_ws.l(dnaninf.o)
    0x080043cc   0x080043cc   0x0000000c   Code   RO         3268    x$fpl$dretinf       fz_ws.l(dretinf.o)
    0x080043d8   0x080043d8   0x00000056   Code   RO         3246    x$fpl$f2d           fz_ws.l(f2d.o)
    0x0800442e   0x0800442e   0x0000008c   Code   RO         3270    x$fpl$fnaninf       fz_ws.l(fnaninf.o)
    0x080044ba   0x080044ba   0x0000000a   Code   RO         3272    x$fpl$fretinf       fz_ws.l(fretinf.o)
    0x080044c4   0x080044c4   0x00000004   Code   RO         3248    x$fpl$printf1       fz_ws.l(printf1.o)
    0x080044c8   0x080044c8   0x00000064   Code   RO         3331    x$fpl$retnan        fz_ws.l(retnan.o)
    0x0800452c   0x0800452c   0x0000005c   Code   RO         3250    x$fpl$scalbn        fz_ws.l(scalbn.o)
    0x08004588   0x08004588   0x00000030   Code   RO         3395    x$fpl$trapveneer    fz_ws.l(trapv.o)
    0x080045b8   0x080045b8   0x00000000   Code   RO         3274    x$fpl$usenofp       fz_ws.l(usenofp.o)
    0x080045b8   0x080045b8   0x00000012   Data   RO         1084    .constdata          stm32f1xx_hal_rcc.o
    0x080045ca   0x080045ca   0x00000010   Data   RO         2848    .constdata          system_stm32f1xx.o
    0x080045da   0x080045da   0x00000008   Data   RO         2849    .constdata          system_stm32f1xx.o
    0x080045e2   0x080045e2   0x00000474   Data   RO         2889    .constdata          font.o
    0x08004a56   0x08004a56   0x00000002   PAD
    0x08004a58   0x08004a58   0x00000008   Data   RO         2890    .constdata          font.o
    0x08004a60   0x08004a60   0x00000094   Data   RO         3302    .constdata          c_w.l(bigflt0.o)
    0x08004af4   0x08004af4   0x00000020   Data   RO         3478    Region$$Table       anon$$obj.o
    0x08004b14   0x08004b14   0x0000001c   Data   RO         3326    locale$$data        c_w.l(lc_numeric_c.o)


    Execution Region RW_IRAM1 (Exec base: 0x20000000, Load base: 0x08004b30, Size: 0x00000c50, Max: 0x00005000, ABSOLUTE)

    Exec Addr    Load Addr    Size         Type   Attr      Idx    E Section Name        Object

    0x20000000   0x08004b30   0x0000000c   Data   RW          921    .data               stm32f1xx_hal.o
    0x2000000c   0x08004b3c   0x00000004   Data   RW         2850    .data               system_stm32f1xx.o
    0x20000010   0x08004b40   0x00000004   Data   RW         2988    .data               olde.o
    0x20000014   0x08004b44   0x0000000c   Data   RW         3153    .data               hc_sr04.o
    0x20000020        -       0x00000054   Zero   RW          200    .bss                i2c.o
    0x20000074        -       0x000000d8   Zero   RW          244    .bss                tim.o
    0x2000014c        -       0x00000020   Zero   RW         2931    .bss                key.o
    0x2000016c        -       0x00000481   Zero   RW         2987    .bss                olde.o
    0x200005ed   0x08004b50   0x00000003   PAD
    0x200005f0        -       0x00000060   Zero   RW         3336    .bss                c_w.l(libspace.o)
    0x20000650        -       0x00000200   Zero   RW            2    HEAP                startup_stm32f103xb.o
    0x20000850        -       0x00000400   Zero   RW            1    STACK               startup_stm32f103xb.o


==============================================================================

Image component sizes


      Code (inc. data)   RO Data    RW Data    ZI Data      Debug   Object Name

         0          0       1148          0          0       2439   font.o
       132         10          0          0          0        951   gpio.o
        84         16          0         12          0       1204   hc_sr04.o
       188         26          0          0         84       1697   i2c.o
       196         14          0          0         32       1718   key.o
       318         44          0          0          0     427248   main.o
       776         28          0          4       1153      10722   olde.o
        64         26        236          0       1536        816   startup_stm32f103xb.o
       164         28          0         12          0       6017   stm32f1xx_hal.o
       198         14          0          0          0      29031   stm32f1xx_hal_cortex.o
       158          4          0          0          0       1698   stm32f1xx_hal_dma.o
       500         34          0          0          0       3567   stm32f1xx_hal_gpio.o
      4690         70          0          0          0      28987   stm32f1xx_hal_i2c.o
        44          6          0          0          0        862   stm32f1xx_hal_msp.o
      1208         72         18          0          0       4621   stm32f1xx_hal_rcc.o
      1790         52          0          0          0      15701   stm32f1xx_hal_tim.o
       108         12          0          0          0       2457   stm32f1xx_hal_tim_ex.o
        80         30          0          0          0       6237   stm32f1xx_it.o
         2          0         24          4          0       1155   system_stm32f1xx.o
       648         40          0          0        216       3392   tim.o

    ----------------------------------------------------------------------
     11378        526       1460         32       3024     550520   Object Totals
         0          0         32          0          0          0   (incl. Generated)
        30          0          2          0          3          0   (incl. Padding)

    ----------------------------------------------------------------------

      Code (inc. data)   RO Data    RW Data    ZI Data      Debug   Library Member Name

         8          0          0          0          0         68   __main.o
       284          0          0          0          0        156   __printf_wp.o
         0          0          0          0          0          0   __rtentry.o
        12          0          0          0          0          0   __rtentry2.o
         6          0          0          0          0          0   __rtentry4.o
        52          8          0          0          0          0   __scatter.o
        26          0          0          0          0          0   __scatter_copy.o
        28          0          0          0          0          0   __scatter_zi.o
        48          6          0          0          0         96   _printf_char_common.o
         6          0          0          0          0          0   _printf_d.o
       120         16          0          0          0         92   _printf_dec.o
         6          0          0          0          0          0   _printf_f.o
      1054          0          0          0          0        216   _printf_fp_dec.o
       128         16          0          0          0         84   _printf_fp_infnan.o
       178          0          0          0          0         88   _printf_intcommon.o
         0          0          0          0          0          0   _printf_percent.o
         4          0          0          0          0          0   _printf_percent_end.o
        10          0          0          0          0         68   _sputc.o
       228          4        148          0          0         96   bigflt0.o
      1936        128          0          0          0        672   btod.o
        18          0          0          0          0         80   exit.o
         6          0          0          0          0        152   heapauxi.o
         0          0          0          0          0          0   indicate_semi.o
        44         10         28          0          0         76   lc_numeric_c.o
         2          0          0          0          0          0   libinit.o
        18          0          0          0          0          0   libinit2.o
         2          0          0          0          0          0   libshutdown.o
         2          0          0          0          0          0   libshutdown2.o
         8          4          0          0         96         68   libspace.o
       138          0          0          0          0         80   lludiv10.o
        40          6          0          0          0         84   noretval__2sprintf.o
         8          4          0          0          0         68   rt_locale_intlibspace.o
        68          0          0          0          0         68   rt_memclr.o
        78          0          0          0          0         80   rt_memclr_w.o
       138          0          0          0          0         68   rt_memcpy_v6.o
       100          0          0          0          0         80   rt_memcpy_w.o
         2          0          0          0          0          0   rtexit.o
        10          0          0          0          0          0   rtexit2.o
       128          0          0          0          0         68   strcmpv7m.o
        12          4          0          0          0         68   sys_exit.o
        74          0          0          0          0         80   sys_stackheap_outer.o
         2          0          0          0          0         68   use_no_semi.o
        98          4          0          0          0         92   d2f.o
        16          4          0          0          0         68   dcheck1.o
        46          0          0          0          0         68   dflt_clz.o
       340         12          0          0          0        104   dmul.o
       156          4          0          0          0         92   dnaninf.o
        12          0          0          0          0         68   dretinf.o
        86          4          0          0          0         84   f2d.o
       140          4          0          0          0         84   fnaninf.o
        10          0          0          0          0         68   fretinf.o
         4          0          0          0          0         68   printf1.o
       100          0          0          0          0         68   retnan.o
        92          0          0          0          0         68   scalbn.o
        48          0          0          0          0         68   trapv.o
         0          0          0          0          0          0   usenofp.o
        40          0          0          0          0         68   fpclassify.o

    ----------------------------------------------------------------------
      6234        238        176          0         96       3892   Library Totals
        14          0          0          0          0          0   (incl. Padding)

    ----------------------------------------------------------------------

      Code (inc. data)   RO Data    RW Data    ZI Data      Debug   Library Name

      5032        206        176          0         96       2824   c_w.l
      1148         32          0          0          0       1000   fz_ws.l
        40          0          0          0          0         68   m_ws.l

    ----------------------------------------------------------------------
      6234        238        176          0         96       3892   Library Totals

    ----------------------------------------------------------------------

==============================================================================


      Code (inc. data)   RO Data    RW Data    ZI Data      Debug   

     17612        764       1636         32       3120     546504   Grand Totals
     17612        764       1636         32       3120     546504   ELF Image Totals
     17612        764       1636         32          0          0   ROM Totals

==============================================================================

    Total RO  Size (Code + RO Data)                19248 (  18.80kB)
    Total RW  Size (RW Data + ZI Data)              3152 (   3.08kB)
    Total ROM Size (Code + RO Data + RW Data)      19280 (  18.83kB)

==============================================================================

